    Blocking waiting for file lock on package cache
    Blocking waiting for file lock on package cache
    Blocking waiting for file lock on package cache
    Blocking waiting for file lock on shared package cache
    Blocking waiting for file lock on artifact directory
   Compiling vpnnode v0.1.0 (C:\neinternet\vpnnode)
    Finished `test` profile [unoptimized + debuginfo] target(s) in 16.67s
     Running tests\chaos_matrix.rs (target\debug\deps\chaos_matrix-3eab1b6ea173bdb9.exe)

running 1 test
test combined_chaos_preserves_full_body_against_content_length ... [2m2026-03-22T01:31:49.219114Z[0m [33m WARN[0m [2mvpnnode::roles::exit[0m[2m:[0m SUSPICIOUSLY SMALL RESPONSE: possible accounting or streaming issue [3mstream_id[0m[2m=[0m1000000000 [3msite[0m[2m=[0mprobe [3mresp_bytes_total[0m[2m=[0m108 [3mframes_sent_total[0m[2m=[0m1
[2m2026-03-22T01:31:49.611435Z[0m [33m WARN[0m [2mvpnnode::roles::exit[0m[2m:[0m SUSPICIOUSLY SMALL RESPONSE: possible accounting or streaming issue [3mstream_id[0m[2m=[0m1 [3msite[0m[2m=[0mexample [3mresp_bytes_total[0m[2m=[0m110 [3mframes_sent_total[0m[2m=[0m1
[2m2026-03-22T01:31:50.849541Z[0m [31mERROR[0m [2mvpnnode::roles::client[0m[2m:[0m client failed to open message [3me[0m[2m=[0mduplicate packet detected
[2m2026-03-22T01:31:50.991648Z[0m [31mERROR[0m [2mvpnnode::roles::client[0m[2m:[0m client: MISSING response channel for response payloads [3mstream_id[0m[2m=[0m2
[2m2026-03-22T01:31:50.993877Z[0m [31mERROR[0m [2mvpnnode::roles::client[0m[2m:[0m client: MISSING response channel for response payloads [3mstream_id[0m[2m=[0m2
[2m2026-03-22T01:31:50.995905Z[0m [31mERROR[0m [2mvpnnode::roles::client[0m[2m:[0m client: MISSING response channel for response payloads [3mstream_id[0m[2m=[0m2
[2m2026-03-22T01:31:50.997931Z[0m [31mERROR[0m [2mvpnnode::roles::client[0m[2m:[0m client: MISSING response channel for response payloads [3mstream_id[0m[2m=[0m2
[2m2026-03-22T01:31:50.999950Z[0m [31mERROR[0m [2mvpnnode::roles::client[0m[2m:[0m client: MISSING response channel for response payloads [3mstream_id[0m[2m=[0m2
[2m2026-03-22T01:31:51.001988Z[0m [31mERROR[0m [2mvpnnode::roles::client[0m[2m:[0m client: MISSING response channel for response payloads [3mstream_id[0m[2m=[0m2
[2m2026-03-22T01:31:51.004044Z[0m [31mERROR[0m [2mvpnnode::roles::client[0m[2m:[0m client: MISSING response channel for response payloads [3mstream_id[0m[2m=[0m2
[2m2026-03-22T01:31:51.007338Z[0m [31mERROR[0m [2mvpnnode::roles::client[0m[2m:[0m client: MISSING response channel for response payloads [3mstream_id[0m[2m=[0m2
[2m2026-03-22T01:31:51.009795Z[0m [31mERROR[0m [2mvpnnode::roles::client[0m[2m:[0m client: MISSING response channel for response payloads [3mstream_id[0m[2m=[0m2
[2m2026-03-22T01:31:51.011927Z[0m [31mERROR[0m [2mvpnnode::roles::client[0m[2m:[0m client: MISSING response channel for response payloads [3mstream_id[0m[2m=[0m2
[2m2026-03-22T01:31:51.013969Z[0m [31mERROR[0m [2mvpnnode::roles::client[0m[2m:[0m client: MISSING response channel for response payloads [3mstream_id[0m[2m=[0m2
[2m2026-03-22T01:31:51.016071Z[0m [31mERROR[0m [2mvpnnode::roles::client[0m[2m:[0m client: MISSING response channel for response payloads [3mstream_id[0m[2m=[0m2
[2m2026-03-22T01:31:51.018082Z[0m [31mERROR[0m [2mvpnnode::roles::client[0m[2m:[0m client: MISSING response channel for response payloads [3mstream_id[0m[2m=[0m2
[2m2026-03-22T01:31:51.020089Z[0m [31mERROR[0m [2mvpnnode::roles::client[0m[2m:[0m client: MISSING response channel for response payloads [3mstream_id[0m[2m=[0m2
[2m2026-03-22T01:31:51.022136Z[0m [31mERROR[0m [2mvpnnode::roles::client[0m[2m:[0m client: MISSING response channel for response payloads [3mstream_id[0m[2m=[0m2
[2m2026-03-22T01:31:51.024535Z[0m [31mERROR[0m [2mvpnnode::roles::client[0m[2m:[0m client: MISSING response channel for response payloads [3mstream_id[0m[2m=[0m2
[2m2026-03-22T01:31:51.029169Z[0m [31mERROR[0m [2mvpnnode::roles::exit[0m[2m:[0m exit failed to open message [3me[0m[2m=[0mduplicate packet detected
[2m2026-03-22T01:31:51.031366Z[0m [31mERROR[0m [2mvpnnode::roles::exit[0m[2m:[0m exit failed to open message [3me[0m[2m=[0mduplicate packet detected
[2m2026-03-22T01:31:51.073563Z[0m [31mERROR[0m [2mvpnnode::roles::client[0m[2m:[0m client: MISSING response channel for response payloads [3mstream_id[0m[2m=[0m2
[2m2026-03-22T01:31:51.076450Z[0m [31mERROR[0m [2mvpnnode::roles::client[0m[2m:[0m client: MISSING response channel for response payloads [3mstream_id[0m[2m=[0m2
[2m2026-03-22T01:31:51.078480Z[0m [31mERROR[0m [2mvpnnode::roles::client[0m[2m:[0m client: MISSING response channel for response payloads [3mstream_id[0m[2m=[0m2
[2m2026-03-22T01:31:51.080540Z[0m [31mERROR[0m [2mvpnnode::roles::client[0m[2m:[0m client: MISSING response channel for response payloads [3mstream_id[0m[2m=[0m2
[2m2026-03-22T01:31:51.083082Z[0m [31mERROR[0m [2mvpnnode::roles::client[0m[2m:[0m client: MISSING response channel for response payloads [3mstream_id[0m[2m=[0m2
[2m2026-03-22T01:31:51.085725Z[0m [31mERROR[0m [2mvpnnode::roles::client[0m[2m:[0m client: MISSING response channel for response payloads [3mstream_id[0m[2m=[0m2
[2m2026-03-22T01:31:51.088142Z[0m [31mERROR[0m [2mvpnnode::roles::client[0m[2m:[0m client: MISSING response channel for response payloads [3mstream_id[0m[2m=[0m2
[2m2026-03-22T01:31:51.091331Z[0m [31mERROR[0m [2mvpnnode::roles::client[0m[2m:[0m client: MISSING response channel for response payloads [3mstream_id[0m[2m=[0m2
[2m2026-03-22T01:31:51.093416Z[0m [31mERROR[0m [2mvpnnode::roles::client[0m[2m:[0m client: MISSING response channel for response payloads [3mstream_id[0m[2m=[0m2
[2m2026-03-22T01:31:51.095531Z[0m [31mERROR[0m [2mvpnnode::roles::client[0m[2m:[0m client: MISSING response channel for response payloads [3mstream_id[0m[2m=[0m2
[2m2026-03-22T01:31:51.097729Z[0m [31mERROR[0m [2mvpnnode::roles::client[0m[2m:[0m client: MISSING response channel for response payloads [3mstream_id[0m[2m=[0m2
[2m2026-03-22T01:31:51.099756Z[0m [31mERROR[0m [2mvpnnode::roles::client[0m[2m:[0m client: MISSING response channel for response payloads [3mstream_id[0m[2m=[0m2
[2m2026-03-22T01:31:51.102971Z[0m [31mERROR[0m [2mvpnnode::roles::client[0m[2m:[0m client: MISSING response channel for response payloads [3mstream_id[0m[2m=[0m2
[2m2026-03-22T01:31:51.104722Z[0m [31mERROR[0m [2mvpnnode::roles::client[0m[2m:[0m client: MISSING response channel for response payloads [3mstream_id[0m[2m=[0m2
[2m2026-03-22T01:31:51.107768Z[0m [31mERROR[0m [2mvpnnode::roles::client[0m[2m:[0m client: MISSING response channel for response payloads [3mstream_id[0m[2m=[0m2
[2m2026-03-22T01:31:51.110341Z[0m [31mERROR[0m [2mvpnnode::roles::client[0m[2m:[0m client: MISSING response channel for response payloads [3mstream_id[0m[2m=[0m2
[2m2026-03-22T01:31:51.111280Z[0m [31mERROR[0m [2mvpnnode::roles::client[0m[2m:[0m client failed to open message [3me[0m[2m=[0mduplicate packet detected
[2m2026-03-22T01:31:51.381828Z[0m [31mERROR[0m [2mvpnnode::roles::client[0m[2m:[0m client: MISSING response channel for response payloads [3mstream_id[0m[2m=[0m2
[2m2026-03-22T01:31:51.384190Z[0m [31mERROR[0m [2mvpnnode::roles::client[0m[2m:[0m client: MISSING response channel for response payloads [3mstream_id[0m[2m=[0m2
[2m2026-03-22T01:31:51.386226Z[0m [31mERROR[0m [2mvpnnode::roles::client[0m[2m:[0m client: MISSING response channel for response payloads [3mstream_id[0m[2m=[0m2
[2m2026-03-22T01:31:51.389205Z[0m [31mERROR[0m [2mvpnnode::roles::client[0m[2m:[0m client: MISSING response channel for response payloads [3mstream_id[0m[2m=[0m2
[2m2026-03-22T01:31:51.392319Z[0m [31mERROR[0m [2mvpnnode::roles::client[0m[2m:[0m client: MISSING response channel for response payloads [3mstream_id[0m[2m=[0m2
[2m2026-03-22T01:31:51.395322Z[0m [31mERROR[0m [2mvpnnode::roles::client[0m[2m:[0m client: MISSING response channel for response payloads [3mstream_id[0m[2m=[0m2
[2m2026-03-22T01:31:51.397183Z[0m [31mERROR[0m [2mvpnnode::roles::client[0m[2m:[0m client: MISSING response channel for response payloads [3mstream_id[0m[2m=[0m2
[2m2026-03-22T01:31:51.399436Z[0m [31mERROR[0m [2mvpnnode::roles::client[0m[2m:[0m client: MISSING response channel for response payloads [3mstream_id[0m[2m=[0m2
[2m2026-03-22T01:31:51.401508Z[0m [31mERROR[0m [2mvpnnode::roles::client[0m[2m:[0m client: MISSING response channel for response payloads [3mstream_id[0m[2m=[0m2
[2m2026-03-22T01:31:51.403552Z[0m [31mERROR[0m [2mvpnnode::roles::client[0m[2m:[0m client: MISSING response channel for response payloads [3mstream_id[0m[2m=[0m2
[2m2026-03-22T01:31:51.406251Z[0m [31mERROR[0m [2mvpnnode::roles::client[0m[2m:[0m client: MISSING response channel for response payloads [3mstream_id[0m[2m=[0m2
[2m2026-03-22T01:31:51.408628Z[0m [31mERROR[0m [2mvpnnode::roles::client[0m[2m:[0m client: MISSING response channel for response payloads [3mstream_id[0m[2m=[0m2
[2m2026-03-22T01:31:51.410755Z[0m [31mERROR[0m [2mvpnnode::roles::client[0m[2m:[0m client: MISSING response channel for response payloads [3mstream_id[0m[2m=[0m2
[2m2026-03-22T01:31:51.413407Z[0m [31mERROR[0m [2mvpnnode::roles::client[0m[2m:[0m client: MISSING response channel for response payloads [3mstream_id[0m[2m=[0m2
[2m2026-03-22T01:31:51.415621Z[0m [31mERROR[0m [2mvpnnode::roles::client[0m[2m:[0m client: MISSING response channel for response payloads [3mstream_id[0m[2m=[0m2
[2m2026-03-22T01:31:51.418108Z[0m [31mERROR[0m [2mvpnnode::roles::client[0m[2m:[0m client: MISSING response channel for response payloads [3mstream_id[0m[2m=[0m2
[2m2026-03-22T01:31:51.670027Z[0m [31mERROR[0m [2mvpnnode::roles::client[0m[2m:[0m client: MISSING response channel for response payloads [3mstream_id[0m[2m=[0m2
[2m2026-03-22T01:31:51.672629Z[0m [31mERROR[0m [2mvpnnode::roles::client[0m[2m:[0m client: MISSING response channel for response payloads [3mstream_id[0m[2m=[0m2
[2m2026-03-22T01:31:51.674313Z[0m [31mERROR[0m [2mvpnnode::roles::client[0m[2m:[0m client: MISSING response channel for response payloads [3mstream_id[0m[2m=[0m2
[2m2026-03-22T01:31:51.676409Z[0m [31mERROR[0m [2mvpnnode::roles::client[0m[2m:[0m client: MISSING response channel for response payloads [3mstream_id[0m[2m=[0m2
[2m2026-03-22T01:31:51.678429Z[0m [31mERROR[0m [2mvpnnode::roles::client[0m[2m:[0m client: MISSING response channel for response payloads [3mstream_id[0m[2m=[0m2
[2m2026-03-22T01:31:51.680603Z[0m [31mERROR[0m [2mvpnnode::roles::client[0m[2m:[0m client: MISSING response channel for response payloads [3mstream_id[0m[2m=[0m2
[2m2026-03-22T01:31:51.682649Z[0m [31mERROR[0m [2mvpnnode::roles::client[0m[2m:[0m client: MISSING response channel for response payloads [3mstream_id[0m[2m=[0m2
[2m2026-03-22T01:31:51.684634Z[0m [31mERROR[0m [2mvpnnode::roles::client[0m[2m:[0m client: MISSING response channel for response payloads [3mstream_id[0m[2m=[0m2
[2m2026-03-22T01:31:51.686698Z[0m [31mERROR[0m [2mvpnnode::roles::client[0m[2m:[0m client: MISSING response channel for response payloads [3mstream_id[0m[2m=[0m2
[2m2026-03-22T01:31:51.689774Z[0m [31mERROR[0m [2mvpnnode::roles::client[0m[2m:[0m client: MISSING response channel for response payloads [3mstream_id[0m[2m=[0m2
[2m2026-03-22T01:31:51.692822Z[0m [31mERROR[0m [2mvpnnode::roles::client[0m[2m:[0m client: MISSING response channel for response payloads [3mstream_id[0m[2m=[0m2
[2m2026-03-22T01:31:51.695539Z[0m [31mERROR[0m [2mvpnnode::roles::client[0m[2m:[0m client: MISSING response channel for response payloads [3mstream_id[0m[2m=[0m2
[2m2026-03-22T01:31:51.697722Z[0m [31mERROR[0m [2mvpnnode::roles::client[0m[2m:[0m client: MISSING response channel for response payloads [3mstream_id[0m[2m=[0m2
[2m2026-03-22T01:31:51.699722Z[0m [31mERROR[0m [2mvpnnode::roles::client[0m[2m:[0m client: MISSING response channel for response payloads [3mstream_id[0m[2m=[0m2
[2m2026-03-22T01:31:51.701869Z[0m [31mERROR[0m [2mvpnnode::roles::client[0m[2m:[0m client: MISSING response channel for response payloads [3mstream_id[0m[2m=[0m2
[2m2026-03-22T01:31:51.704197Z[0m [31mERROR[0m [2mvpnnode::roles::client[0m[2m:[0m client: MISSING response channel for response payloads [3mstream_id[0m[2m=[0m2
[2m2026-03-22T01:31:51.963654Z[0m [31mERROR[0m [2mvpnnode::roles::client[0m[2m:[0m client: MISSING response channel for response payloads [3mstream_id[0m[2m=[0m2
[2m2026-03-22T01:31:51.965824Z[0m [31mERROR[0m [2mvpnnode::roles::client[0m[2m:[0m client: MISSING response channel for response payloads [3mstream_id[0m[2m=[0m2
[2m2026-03-22T01:31:51.967282Z[0m [31mERROR[0m [2mvpnnode::roles::client[0m[2m:[0m client: MISSING response channel for response payloads [3mstream_id[0m[2m=[0m2
[2m2026-03-22T01:31:51.969282Z[0m [31mERROR[0m [2mvpnnode::roles::client[0m[2m:[0m client: MISSING response channel for response payloads [3mstream_id[0m[2m=[0m2
[2m2026-03-22T01:31:51.971407Z[0m [31mERROR[0m [2mvpnnode::roles::client[0m[2m:[0m client: MISSING response channel for response payloads [3mstream_id[0m[2m=[0m2
[2m2026-03-22T01:31:51.973745Z[0m [31mERROR[0m [2mvpnnode::roles::client[0m[2m:[0m client: MISSING response channel for response payloads [3mstream_id[0m[2m=[0m2
[2m2026-03-22T01:31:53.451119Z[0m [31mERROR[0m [2mvpnnode::roles::client[0m[2m:[0m client: MISSING response channel for response payloads [3mstream_id[0m[2m=[0m3
[2m2026-03-22T01:31:53.455261Z[0m [31mERROR[0m [2mvpnnode::roles::client[0m[2m:[0m client failed to open message [3me[0m[2m=[0mduplicate packet detected
[2m2026-03-22T01:31:53.780476Z[0m [31mERROR[0m [2mvpnnode::roles::client[0m[2m:[0m client: MISSING response channel for response payloads [3mstream_id[0m[2m=[0m3
[2m2026-03-22T01:31:53.782798Z[0m [31mERROR[0m [2mvpnnode::roles::client[0m[2m:[0m client: MISSING response channel for response payloads [3mstream_id[0m[2m=[0m3
[2m2026-03-22T01:31:53.787250Z[0m [31mERROR[0m [2mvpnnode::roles::client[0m[2m:[0m client: MISSING response channel for response payloads [3mstream_id[0m[2m=[0m3
[2m2026-03-22T01:31:53.789829Z[0m [31mERROR[0m [2mvpnnode::roles::client[0m[2m:[0m client: MISSING response channel for response payloads [3mstream_id[0m[2m=[0m3
[2m2026-03-22T01:31:53.792309Z[0m [31mERROR[0m [2mvpnnode::roles::client[0m[2m:[0m client: MISSING response channel for response payloads [3mstream_id[0m[2m=[0m3
[2m2026-03-22T01:31:53.794437Z[0m [31mERROR[0m [2mvpnnode::roles::client[0m[2m:[0m client: MISSING response channel for response payloads [3mstream_id[0m[2m=[0m3
[2m2026-03-22T01:31:53.796485Z[0m [31mERROR[0m [2mvpnnode::roles::client[0m[2m:[0m client: MISSING response channel for response payloads [3mstream_id[0m[2m=[0m3
[2m2026-03-22T01:31:53.798564Z[0m [31mERROR[0m [2mvpnnode::roles::client[0m[2m:[0m client: MISSING response channel for response payloads [3mstream_id[0m[2m=[0m3
[2m2026-03-22T01:31:53.800713Z[0m [31mERROR[0m [2mvpnnode::roles::client[0m[2m:[0m client: MISSING response channel for response payloads [3mstream_id[0m[2m=[0m3
[2m2026-03-22T01:31:53.803899Z[0m [31mERROR[0m [2mvpnnode::roles::client[0m[2m:[0m client: MISSING response channel for response payloads [3mstream_id[0m[2m=[0m3
[2m2026-03-22T01:31:53.807102Z[0m [31mERROR[0m [2mvpnnode::roles::client[0m[2m:[0m client: MISSING response channel for response payloads [3mstream_id[0m[2m=[0m3
[2m2026-03-22T01:31:53.809688Z[0m [31mERROR[0m [2mvpnnode::roles::client[0m[2m:[0m client: MISSING response channel for response payloads [3mstream_id[0m[2m=[0m3
[2m2026-03-22T01:31:53.811833Z[0m [31mERROR[0m [2mvpnnode::roles::client[0m[2m:[0m client: MISSING response channel for response payloads [3mstream_id[0m[2m=[0m3
[2m2026-03-22T01:31:53.813917Z[0m [31mERROR[0m [2mvpnnode::roles::client[0m[2m:[0m client: MISSING response channel for response payloads [3mstream_id[0m[2m=[0m3
[2m2026-03-22T01:31:53.816477Z[0m [31mERROR[0m [2mvpnnode::roles::client[0m[2m:[0m client: MISSING response channel for response payloads [3mstream_id[0m[2m=[0m3
[2m2026-03-22T01:31:53.820357Z[0m [31mERROR[0m [2mvpnnode::roles::client[0m[2m:[0m client: MISSING response channel for response payloads [3mstream_id[0m[2m=[0m3
[2m2026-03-22T01:31:54.024760Z[0m [31mERROR[0m [2mvpnnode::roles::client[0m[2m:[0m client: MISSING response channel for response payloads [3mstream_id[0m[2m=[0m3
[2m2026-03-22T01:31:54.026939Z[0m [31mERROR[0m [2mvpnnode::roles::client[0m[2m:[0m client: MISSING response channel for response payloads [3mstream_id[0m[2m=[0m3
[2m2026-03-22T01:31:54.029126Z[0m [31mERROR[0m [2mvpnnode::roles::client[0m[2m:[0m client: MISSING response channel for response payloads [3mstream_id[0m[2m=[0m3
[2m2026-03-22T01:31:54.031137Z[0m [31mERROR[0m [2mvpnnode::roles::client[0m[2m:[0m client: MISSING response channel for response payloads [3mstream_id[0m[2m=[0m3
[2m2026-03-22T01:31:54.033268Z[0m [31mERROR[0m [2mvpnnode::roles::client[0m[2m:[0m client: MISSING response channel for response payloads [3mstream_id[0m[2m=[0m3
[2m2026-03-22T01:31:54.036572Z[0m [31mERROR[0m [2mvpnnode::roles::client[0m[2m:[0m client: MISSING response channel for response payloads [3mstream_id[0m[2m=[0m3
[2m2026-03-22T01:31:54.039051Z[0m [31mERROR[0m [2mvpnnode::roles::client[0m[2m:[0m client: MISSING response channel for response payloads [3mstream_id[0m[2m=[0m3
[2m2026-03-22T01:31:54.041380Z[0m [31mERROR[0m [2mvpnnode::roles::client[0m[2m:[0m client: MISSING response channel for response payloads [3mstream_id[0m[2m=[0m3
[2m2026-03-22T01:31:54.044452Z[0m [31mERROR[0m [2mvpnnode::roles::client[0m[2m:[0m client: MISSING response channel for response payloads [3mstream_id[0m[2m=[0m3
[2m2026-03-22T01:31:54.045910Z[0m [31mERROR[0m [2mvpnnode::roles::client[0m[2m:[0m client failed to open message [3me[0m[2m=[0mduplicate packet detected
[2m2026-03-22T01:31:54.049288Z[0m [31mERROR[0m [2mvpnnode::roles::client[0m[2m:[0m client: MISSING response channel for response payloads [3mstream_id[0m[2m=[0m3
[2m2026-03-22T01:31:54.054130Z[0m [31mERROR[0m [2mvpnnode::roles::client[0m[2m:[0m client: MISSING response channel for response payloads [3mstream_id[0m[2m=[0m3
[2m2026-03-22T01:31:54.057306Z[0m [31mERROR[0m [2mvpnnode::roles::client[0m[2m:[0m client: MISSING response channel for response payloads [3mstream_id[0m[2m=[0m3
[2m2026-03-22T01:31:54.059818Z[0m [31mERROR[0m [2mvpnnode::roles::client[0m[2m:[0m client: MISSING response channel for response payloads [3mstream_id[0m[2m=[0m3
[2m2026-03-22T01:31:54.060979Z[0m [31mERROR[0m [2mvpnnode::roles::client[0m[2m:[0m client failed to open message [3me[0m[2m=[0mduplicate packet detected
[2m2026-03-22T01:31:54.063397Z[0m [31mERROR[0m [2mvpnnode::roles::client[0m[2m:[0m client: MISSING response channel for response payloads [3mstream_id[0m[2m=[0m3
[2m2026-03-22T01:31:54.065774Z[0m [31mERROR[0m [2mvpnnode::roles::client[0m[2m:[0m client: MISSING response channel for response payloads [3mstream_id[0m[2m=[0m3
[2m2026-03-22T01:31:54.068867Z[0m [31mERROR[0m [2mvpnnode::roles::client[0m[2m:[0m client: MISSING response channel for response payloads [3mstream_id[0m[2m=[0m3
[2m2026-03-22T01:31:54.269905Z[0m [31mERROR[0m [2mvpnnode::roles::client[0m[2m:[0m client: MISSING response channel for response payloads [3mstream_id[0m[2m=[0m3
[2m2026-03-22T01:31:54.271947Z[0m [31mERROR[0m [2mvpnnode::roles::client[0m[2m:[0m client: MISSING response channel for response payloads [3mstream_id[0m[2m=[0m3
[2m2026-03-22T01:31:54.274695Z[0m [31mERROR[0m [2mvpnnode::roles::client[0m[2m:[0m client: MISSING response channel for response payloads [3mstream_id[0m[2m=[0m3
[2m2026-03-22T01:31:54.277126Z[0m [31mERROR[0m [2mvpnnode::roles::client[0m[2m:[0m client: MISSING response channel for response payloads [3mstream_id[0m[2m=[0m3
[2m2026-03-22T01:31:54.279460Z[0m [31mERROR[0m [2mvpnnode::roles::client[0m[2m:[0m client: MISSING response channel for response payloads [3mstream_id[0m[2m=[0m3
[2m2026-03-22T01:31:54.280963Z[0m [31mERROR[0m [2mvpnnode::roles::client[0m[2m:[0m client: MISSING response channel for response payloads [3mstream_id[0m[2m=[0m3
[2m2026-03-22T01:31:54.284167Z[0m [31mERROR[0m [2mvpnnode::roles::client[0m[2m:[0m client: MISSING response channel for response payloads [3mstream_id[0m[2m=[0m3
[2m2026-03-22T01:31:54.287028Z[0m [31mERROR[0m [2mvpnnode::roles::client[0m[2m:[0m client: MISSING response channel for response payloads [3mstream_id[0m[2m=[0m3
[2m2026-03-22T01:31:54.289199Z[0m [31mERROR[0m [2mvpnnode::roles::client[0m[2m:[0m client: MISSING response channel for response payloads [3mstream_id[0m[2m=[0m3
[2m2026-03-22T01:31:54.291389Z[0m [31mERROR[0m [2mvpnnode::roles::client[0m[2m:[0m client: MISSING response channel for response payloads [3mstream_id[0m[2m=[0m3
[2m2026-03-22T01:31:54.293570Z[0m [31mERROR[0m [2mvpnnode::roles::client[0m[2m:[0m client: MISSING response channel for response payloads [3mstream_id[0m[2m=[0m3
[2m2026-03-22T01:31:54.294985Z[0m [31mERROR[0m [2mvpnnode::roles::client[0m[2m:[0m client: MISSING response channel for response payloads [3mstream_id[0m[2m=[0m3
[2m2026-03-22T01:31:54.297708Z[0m [31mERROR[0m [2mvpnnode::roles::client[0m[2m:[0m client: MISSING response channel for response payloads [3mstream_id[0m[2m=[0m3
[2m2026-03-22T01:31:54.299895Z[0m [31mERROR[0m [2mvpnnode::roles::client[0m[2m:[0m client: MISSING response channel for response payloads [3mstream_id[0m[2m=[0m3
[2m2026-03-22T01:31:54.302076Z[0m [31mERROR[0m [2mvpnnode::roles::client[0m[2m:[0m client: MISSING response channel for response payloads [3mstream_id[0m[2m=[0m3
[2m2026-03-22T01:31:54.304480Z[0m [31mERROR[0m [2mvpnnode::roles::client[0m[2m:[0m client: MISSING response channel for response payloads [3mstream_id[0m[2m=[0m3
[2m2026-03-22T01:31:54.307376Z[0m [31mERROR[0m [2mvpnnode::roles::client[0m[2m:[0m client: MISSING response channel for response payloads [3mstream_id[0m[2m=[0m3
[2m2026-03-22T01:31:54.309663Z[0m [31mERROR[0m [2mvpnnode::roles::client[0m[2m:[0m client: MISSING response channel for response payloads [3mstream_id[0m[2m=[0m3
[2m2026-03-22T01:31:54.311303Z[0m [31mERROR[0m [2mvpnnode::roles::client[0m[2m:[0m client: MISSING response channel for response payloads [3mstream_id[0m[2m=[0m3
[2m2026-03-22T01:31:54.313623Z[0m [31mERROR[0m [2mvpnnode::roles::client[0m[2m:[0m client: MISSING response channel for response payloads [3mstream_id[0m[2m=[0m3
[2m2026-03-22T01:31:54.471251Z[0m [31mERROR[0m [2mvpnnode::roles::client[0m[2m:[0m client: MISSING response channel for response payloads [3mstream_id[0m[2m=[0m3
[2m2026-03-22T01:31:54.473509Z[0m [31mERROR[0m [2mvpnnode::roles::client[0m[2m:[0m client: MISSING response channel for response payloads [3mstream_id[0m[2m=[0m3
[2m2026-03-22T01:31:54.476558Z[0m [31mERROR[0m [2mvpnnode::roles::client[0m[2m:[0m client: MISSING response channel for response payloads [3mstream_id[0m[2m=[0m3
[2m2026-03-22T01:31:54.478564Z[0m [31mERROR[0m [2mvpnnode::roles::client[0m[2m:[0m client: MISSING response channel for response payloads [3mstream_id[0m[2m=[0m3
[2m2026-03-22T01:31:54.480625Z[0m [31mERROR[0m [2mvpnnode::roles::client[0m[2m:[0m client: MISSING response channel for response payloads [3mstream_id[0m[2m=[0m3
[2m2026-03-22T01:31:54.483000Z[0m [31mERROR[0m [2mvpnnode::roles::client[0m[2m:[0m client: MISSING response channel for response payloads [3mstream_id[0m[2m=[0m3
[2m2026-03-22T01:31:54.485347Z[0m [31mERROR[0m [2mvpnnode::roles::client[0m[2m:[0m client: MISSING response channel for response payloads [3mstream_id[0m[2m=[0m3
[2m2026-03-22T01:31:54.488027Z[0m [31mERROR[0m [2mvpnnode::roles::client[0m[2m:[0m client: MISSING response channel for response payloads [3mstream_id[0m[2m=[0m3
[2m2026-03-22T01:31:54.490221Z[0m [31mERROR[0m [2mvpnnode::roles::client[0m[2m:[0m client: MISSING response channel for response payloads [3mstream_id[0m[2m=[0m3
[2m2026-03-22T01:31:54.492393Z[0m [31mERROR[0m [2mvpnnode::roles::client[0m[2m:[0m client: MISSING response channel for response payloads [3mstream_id[0m[2m=[0m3
[2m2026-03-22T01:31:54.494798Z[0m [31mERROR[0m [2mvpnnode::roles::client[0m[2m:[0m client: MISSING response channel for response payloads [3mstream_id[0m[2m=[0m3
[2m2026-03-22T01:31:54.722020Z[0m [31mERROR[0m [2mvpnnode::roles::client[0m[2m:[0m client: MISSING response channel for response payloads [3mstream_id[0m[2m=[0m3
[2m2026-03-22T01:31:54.724255Z[0m [31mERROR[0m [2mvpnnode::roles::client[0m[2m:[0m client: MISSING response channel for response payloads [3mstream_id[0m[2m=[0m3
[2m2026-03-22T01:31:54.726428Z[0m [31mERROR[0m [2mvpnnode::roles::client[0m[2m:[0m client: MISSING response channel for response payloads [3mstream_id[0m[2m=[0m3
[2m2026-03-22T01:31:54.728430Z[0m [31mERROR[0m [2mvpnnode::roles::client[0m[2m:[0m client: MISSING response channel for response payloads [3mstream_id[0m[2m=[0m3
[2m2026-03-22T01:31:54.730040Z[0m [31mERROR[0m [2mvpnnode::roles::client[0m[2m:[0m client: MISSING response channel for response payloads [3mstream_id[0m[2m=[0m3
[2m2026-03-22T01:31:54.733130Z[0m [31mERROR[0m [2mvpnnode::roles::client[0m[2m:[0m client: MISSING response channel for response payloads [3mstream_id[0m[2m=[0m3
[2m2026-03-22T01:31:54.736127Z[0m [31mERROR[0m [2mvpnnode::roles::client[0m[2m:[0m client: MISSING response channel for response payloads [3mstream_id[0m[2m=[0m3
[2m2026-03-22T01:31:54.738309Z[0m [31mERROR[0m [2mvpnnode::roles::client[0m[2m:[0m client: MISSING response channel for response payloads [3mstream_id[0m[2m=[0m3
[2m2026-03-22T01:31:54.740468Z[0m [31mERROR[0m [2mvpnnode::roles::client[0m[2m:[0m client: MISSING response channel for response payloads [3mstream_id[0m[2m=[0m3
[2m2026-03-22T01:31:54.742567Z[0m [31mERROR[0m [2mvpnnode::roles::client[0m[2m:[0m client: MISSING response channel for response payloads [3mstream_id[0m[2m=[0m3
[2m2026-03-22T01:31:54.744801Z[0m [31mERROR[0m [2mvpnnode::roles::client[0m[2m:[0m client: MISSING response channel for response payloads [3mstream_id[0m[2m=[0m3
[2m2026-03-22T01:31:54.747203Z[0m [31mERROR[0m [2mvpnnode::roles::client[0m[2m:[0m client: MISSING response channel for response payloads [3mstream_id[0m[2m=[0m3
[2m2026-03-22T01:31:54.749332Z[0m [31mERROR[0m [2mvpnnode::roles::client[0m[2m:[0m client: MISSING response channel for response payloads [3mstream_id[0m[2m=[0m3
[2m2026-03-22T01:31:54.751916Z[0m [31mERROR[0m [2mvpnnode::roles::client[0m[2m:[0m client: MISSING response channel for response payloads [3mstream_id[0m[2m=[0m3
[2m2026-03-22T01:31:54.754608Z[0m [31mERROR[0m [2mvpnnode::roles::client[0m[2m:[0m client: MISSING response channel for response payloads [3mstream_id[0m[2m=[0m3
[2m2026-03-22T01:31:54.756614Z[0m [31mERROR[0m [2mvpnnode::roles::client[0m[2m:[0m client: MISSING response channel for response payloads [3mstream_id[0m[2m=[0m3
[2m2026-03-22T01:31:54.893350Z[0m [31mERROR[0m [2mvpnnode::roles::client[0m[2m:[0m client: MISSING response channel for response payloads [3mstream_id[0m[2m=[0m3
[2m2026-03-22T01:31:54.894792Z[0m [31mERROR[0m [2mvpnnode::roles::client[0m[2m:[0m client: MISSING response channel for response payloads [3mstream_id[0m[2m=[0m3
[2m2026-03-22T01:31:54.897060Z[0m [31mERROR[0m [2mvpnnode::roles::client[0m[2m:[0m client: MISSING response channel for response payloads [3mstream_id[0m[2m=[0m3
[2m2026-03-22T01:31:54.900541Z[0m [31mERROR[0m [2mvpnnode::roles::client[0m[2m:[0m client: MISSING response channel for response payloads [3mstream_id[0m[2m=[0m3
[2m2026-03-22T01:31:54.904135Z[0m [31mERROR[0m [2mvpnnode::roles::client[0m[2m:[0m client: MISSING response channel for response payloads [3mstream_id[0m[2m=[0m3
[2m2026-03-22T01:31:54.906733Z[0m [31mERROR[0m [2mvpnnode::roles::client[0m[2m:[0m client: MISSING response channel for response payloads [3mstream_id[0m[2m=[0m3
[2m2026-03-22T01:31:54.909172Z[0m [31mERROR[0m [2mvpnnode::roles::client[0m[2m:[0m client: MISSING response channel for response payloads [3mstream_id[0m[2m=[0m3
[2m2026-03-22T01:31:54.911301Z[0m [31mERROR[0m [2mvpnnode::roles::client[0m[2m:[0m client: MISSING response channel for response payloads [3mstream_id[0m[2m=[0m3
[2m2026-03-22T01:31:54.913290Z[0m [31mERROR[0m [2mvpnnode::roles::client[0m[2m:[0m client: MISSING response channel for response payloads [3mstream_id[0m[2m=[0m3
[2m2026-03-22T01:31:54.916598Z[0m [31mERROR[0m [2mvpnnode::roles::client[0m[2m:[0m client: MISSING response channel for response payloads [3mstream_id[0m[2m=[0m3
[2m2026-03-22T01:31:54.919816Z[0m [31mERROR[0m [2mvpnnode::roles::client[0m[2m:[0m client: MISSING response channel for response payloads [3mstream_id[0m[2m=[0m3
[2m2026-03-22T01:31:54.921825Z[0m [31mERROR[0m [2mvpnnode::roles::client[0m[2m:[0m client: MISSING response channel for response payloads [3mstream_id[0m[2m=[0m3
[2m2026-03-22T01:31:54.923806Z[0m [31mERROR[0m [2mvpnnode::roles::client[0m[2m:[0m client: MISSING response channel for response payloads [3mstream_id[0m[2m=[0m3
[2m2026-03-22T01:31:54.925939Z[0m [31mERROR[0m [2mvpnnode::roles::client[0m[2m:[0m client: MISSING response channel for response payloads [3mstream_id[0m[2m=[0m3
[2m2026-03-22T01:31:54.928222Z[0m [31mERROR[0m [2mvpnnode::roles::client[0m[2m:[0m client: MISSING response channel for response payloads [3mstream_id[0m[2m=[0m3
[2m2026-03-22T01:31:54.930580Z[0m [31mERROR[0m [2mvpnnode::roles::client[0m[2m:[0m client: MISSING response channel for response payloads [3mstream_id[0m[2m=[0m3
[2m2026-03-22T01:31:55.165213Z[0m [31mERROR[0m [2mvpnnode::roles::client[0m[2m:[0m client: MISSING response channel for response payloads [3mstream_id[0m[2m=[0m3
[2m2026-03-22T01:31:55.168109Z[0m [31mERROR[0m [2mvpnnode::roles::client[0m[2m:[0m client: MISSING response channel for response payloads [3mstream_id[0m[2m=[0m3
[2m2026-03-22T01:31:55.171877Z[0m [31mERROR[0m [2mvpnnode::roles::client[0m[2m:[0m client: MISSING response channel for response payloads [3mstream_id[0m[2m=[0m3
[2m2026-03-22T01:31:55.174271Z[0m [31mERROR[0m [2mvpnnode::roles::client[0m[2m:[0m client: MISSING response channel for response payloads [3mstream_id[0m[2m=[0m3
[2m2026-03-22T01:31:55.176536Z[0m [31mERROR[0m [2mvpnnode::roles::client[0m[2m:[0m client: MISSING response channel for response payloads [3mstream_id[0m[2m=[0m3
[2m2026-03-22T01:31:55.179482Z[0m [31mERROR[0m [2mvpnnode::roles::client[0m[2m:[0m client: MISSING response channel for response payloads [3mstream_id[0m[2m=[0m3
[2m2026-03-22T01:31:55.182878Z[0m [31mERROR[0m [2mvpnnode::roles::client[0m[2m:[0m client: MISSING response channel for response payloads [3mstream_id[0m[2m=[0m3
[2m2026-03-22T01:31:55.185757Z[0m [31mERROR[0m [2mvpnnode::roles::client[0m[2m:[0m client: MISSING response channel for response payloads [3mstream_id[0m[2m=[0m3
[2m2026-03-22T01:31:55.188089Z[0m [31mERROR[0m [2mvpnnode::roles::client[0m[2m:[0m client: MISSING response channel for response payloads [3mstream_id[0m[2m=[0m3
[2m2026-03-22T01:31:55.191529Z[0m [31mERROR[0m [2mvpnnode::roles::client[0m[2m:[0m client: MISSING response channel for response payloads [3mstream_id[0m[2m=[0m3
[2m2026-03-22T01:31:55.193886Z[0m [31mERROR[0m [2mvpnnode::roles::client[0m[2m:[0m client: MISSING response channel for response payloads [3mstream_id[0m[2m=[0m3
[2m2026-03-22T01:31:55.196341Z[0m [31mERROR[0m [2mvpnnode::roles::client[0m[2m:[0m client: MISSING response channel for response payloads [3mstream_id[0m[2m=[0m3
[2m2026-03-22T01:31:55.199245Z[0m [31mERROR[0m [2mvpnnode::roles::client[0m[2m:[0m client: MISSING response channel for response payloads [3mstream_id[0m[2m=[0m3
[2m2026-03-22T01:31:55.201669Z[0m [31mERROR[0m [2mvpnnode::roles::client[0m[2m:[0m client: MISSING response channel for response payloads [3mstream_id[0m[2m=[0m3
[2m2026-03-22T01:31:55.203726Z[0m [31mERROR[0m [2mvpnnode::roles::client[0m[2m:[0m client: MISSING response channel for response payloads [3mstream_id[0m[2m=[0m3
[2m2026-03-22T01:31:55.205758Z[0m [31mERROR[0m [2mvpnnode::roles::client[0m[2m:[0m client: MISSING response channel for response payloads [3mstream_id[0m[2m=[0m3
[2m2026-03-22T01:31:55.346553Z[0m [31mERROR[0m [2mvpnnode::roles::exit[0m[2m:[0m exit failed to open message [3me[0m[2m=[0mduplicate packet detected
[2m2026-03-22T01:31:55.384158Z[0m [31mERROR[0m [2mvpnnode::roles::client[0m[2m:[0m client: MISSING response channel for response payloads [3mstream_id[0m[2m=[0m3
[2m2026-03-22T01:31:55.385864Z[0m [31mERROR[0m [2mvpnnode::roles::client[0m[2m:[0m client: MISSING response channel for response payloads [3mstream_id[0m[2m=[0m3
[2m2026-03-22T01:31:55.388070Z[0m [31mERROR[0m [2mvpnnode::roles::client[0m[2m:[0m client: MISSING response channel for response payloads [3mstream_id[0m[2m=[0m3
[2m2026-03-22T01:31:55.391487Z[0m [31mERROR[0m [2mvpnnode::roles::client[0m[2m:[0m client: MISSING response channel for response payloads [3mstream_id[0m[2m=[0m3
[2m2026-03-22T01:31:55.396187Z[0m [31mERROR[0m [2mvpnnode::roles::client[0m[2m:[0m client: MISSING response channel for response payloads [3mstream_id[0m[2m=[0m3
[2m2026-03-22T01:31:55.399122Z[0m [31mERROR[0m [2mvpnnode::roles::client[0m[2m:[0m client: MISSING response channel for response payloads [3mstream_id[0m[2m=[0m3
[2m2026-03-22T01:31:55.401529Z[0m [31mERROR[0m [2mvpnnode::roles::client[0m[2m:[0m client: MISSING response channel for response payloads [3mstream_id[0m[2m=[0m3
[2m2026-03-22T01:31:55.403360Z[0m [31mERROR[0m [2mvpnnode::roles::client[0m[2m:[0m client: MISSING response channel for response payloads [3mstream_id[0m[2m=[0m3
[2m2026-03-22T01:31:55.405722Z[0m [31mERROR[0m [2mvpnnode::roles::client[0m[2m:[0m client: MISSING response channel for response payloads [3mstream_id[0m[2m=[0m3
[2m2026-03-22T01:31:55.407829Z[0m [31mERROR[0m [2mvpnnode::roles::client[0m[2m:[0m client: MISSING response channel for response payloads [3mstream_id[0m[2m=[0m3
[2m2026-03-22T01:31:55.409898Z[0m [31mERROR[0m [2mvpnnode::roles::client[0m[2m:[0m client: MISSING response channel for response payloads [3mstream_id[0m[2m=[0m3
[2m2026-03-22T01:31:55.411931Z[0m [31mERROR[0m [2mvpnnode::roles::client[0m[2m:[0m client: MISSING response channel for response payloads [3mstream_id[0m[2m=[0m3
[2m2026-03-22T01:31:55.415582Z[0m [31mERROR[0m [2mvpnnode::roles::client[0m[2m:[0m client: MISSING response channel for response payloads [3mstream_id[0m[2m=[0m3
[2m2026-03-22T01:31:55.418763Z[0m [31mERROR[0m [2mvpnnode::roles::client[0m[2m:[0m client: MISSING response channel for response payloads [3mstream_id[0m[2m=[0m3
[2m2026-03-22T01:31:55.420883Z[0m [31mERROR[0m [2mvpnnode::roles::client[0m[2m:[0m client: MISSING response channel for response payloads [3mstream_id[0m[2m=[0m3
[2m2026-03-22T01:31:55.423099Z[0m [31mERROR[0m [2mvpnnode::roles::client[0m[2m:[0m client: MISSING response channel for response payloads [3mstream_id[0m[2m=[0m3
[2m2026-03-22T01:31:55.684697Z[0m [31mERROR[0m [2mvpnnode::roles::client[0m[2m:[0m client: MISSING response channel for response payloads [3mstream_id[0m[2m=[0m3
[2m2026-03-22T01:31:55.687611Z[0m [31mERROR[0m [2mvpnnode::roles::client[0m[2m:[0m client: MISSING response channel for response payloads [3mstream_id[0m[2m=[0m3
[2m2026-03-22T01:31:55.689814Z[0m [31mERROR[0m [2mvpnnode::roles::client[0m[2m:[0m client: MISSING response channel for response payloads [3mstream_id[0m[2m=[0m3
[2m2026-03-22T01:31:55.691894Z[0m [31mERROR[0m [2mvpnnode::roles::client[0m[2m:[0m client: MISSING response channel for response payloads [3mstream_id[0m[2m=[0m3
[2m2026-03-22T01:31:55.693959Z[0m [31mERROR[0m [2mvpnnode::roles::client[0m[2m:[0m client: MISSING response channel for response payloads [3mstream_id[0m[2m=[0m3
[2m2026-03-22T01:31:55.696485Z[0m [31mERROR[0m [2mvpnnode::roles::client[0m[2m:[0m client: MISSING response channel for response payloads [3mstream_id[0m[2m=[0m3
[2m2026-03-22T01:31:55.699731Z[0m [31mERROR[0m [2mvpnnode::roles::client[0m[2m:[0m client: MISSING response channel for response payloads [3mstream_id[0m[2m=[0m3
[2m2026-03-22T01:31:55.701983Z[0m [31mERROR[0m [2mvpnnode::roles::client[0m[2m:[0m client: MISSING response channel for response payloads [3mstream_id[0m[2m=[0m3
[2m2026-03-22T01:31:55.703433Z[0m [31mERROR[0m [2mvpnnode::roles::client[0m[2m:[0m client: MISSING response channel for response payloads [3mstream_id[0m[2m=[0m3
[2m2026-03-22T01:31:55.706088Z[0m [31mERROR[0m [2mvpnnode::roles::client[0m[2m:[0m client: MISSING response channel for response payloads [3mstream_id[0m[2m=[0m3
[2m2026-03-22T01:31:55.708127Z[0m [31mERROR[0m [2mvpnnode::roles::client[0m[2m:[0m client: MISSING response channel for response payloads [3mstream_id[0m[2m=[0m3
[2m2026-03-22T01:31:55.710235Z[0m [31mERROR[0m [2mvpnnode::roles::client[0m[2m:[0m client: MISSING response channel for response payloads [3mstream_id[0m[2m=[0m3
[2m2026-03-22T01:31:55.712449Z[0m [31mERROR[0m [2mvpnnode::roles::client[0m[2m:[0m client: MISSING response channel for response payloads [3mstream_id[0m[2m=[0m3
[2m2026-03-22T01:31:55.715771Z[0m [31mERROR[0m [2mvpnnode::roles::client[0m[2m:[0m client: MISSING response channel for response payloads [3mstream_id[0m[2m=[0m3
[2m2026-03-22T01:31:55.717914Z[0m [31mERROR[0m [2mvpnnode::roles::client[0m[2m:[0m client: MISSING response channel for response payloads [3mstream_id[0m[2m=[0m3
[2m2026-03-22T01:31:55.720109Z[0m [31mERROR[0m [2mvpnnode::roles::client[0m[2m:[0m client: MISSING response channel for response payloads [3mstream_id[0m[2m=[0m3
[2m2026-03-22T01:31:55.872227Z[0m [31mERROR[0m [2mvpnnode::roles::client[0m[2m:[0m client: MISSING response channel for response payloads [3mstream_id[0m[2m=[0m3
[2m2026-03-22T01:31:55.874329Z[0m [31mERROR[0m [2mvpnnode::roles::client[0m[2m:[0m client: MISSING response channel for response payloads [3mstream_id[0m[2m=[0m3
[2m2026-03-22T01:31:55.875598Z[0m [31mERROR[0m [2mvpnnode::roles::client[0m[2m:[0m client: MISSING response channel for response payloads [3mstream_id[0m[2m=[0m3
[2m2026-03-22T01:31:55.877630Z[0m [31mERROR[0m [2mvpnnode::roles::client[0m[2m:[0m client: MISSING response channel for response payloads [3mstream_id[0m[2m=[0m3
[2m2026-03-22T01:31:55.879463Z[0m [31mERROR[0m [2mvpnnode::roles::client[0m[2m:[0m client: MISSING response channel for response payloads [3mstream_id[0m[2m=[0m3
[2m2026-03-22T01:31:55.881671Z[0m [31mERROR[0m [2mvpnnode::roles::client[0m[2m:[0m client: MISSING response channel for response payloads [3mstream_id[0m[2m=[0m3
[2m2026-03-22T01:31:56.852428Z[0m [31mERROR[0m [2mvpnnode::roles::client[0m[2m:[0m client failed to open message [3me[0m[2m=[0mduplicate packet detected
[2m2026-03-22T01:31:57.062334Z[0m [31mERROR[0m [2mvpnnode::roles::client[0m[2m:[0m client: MISSING response channel for response payloads [3mstream_id[0m[2m=[0m4
[2m2026-03-22T01:31:57.064999Z[0m [31mERROR[0m [2mvpnnode::roles::client[0m[2m:[0m client: MISSING response channel for response payloads [3mstream_id[0m[2m=[0m4
[2m2026-03-22T01:31:57.067132Z[0m [31mERROR[0m [2mvpnnode::roles::client[0m[2m:[0m client: MISSING response channel for response payloads [3mstream_id[0m[2m=[0m4
[2m2026-03-22T01:31:57.070011Z[0m [31mERROR[0m [2mvpnnode::roles::client[0m[2m:[0m client: MISSING response channel for response payloads [3mstream_id[0m[2m=[0m4
[2m2026-03-22T01:31:57.072634Z[0m [31mERROR[0m [2mvpnnode::roles::client[0m[2m:[0m client: MISSING response channel for response payloads [3mstream_id[0m[2m=[0m4
[2m2026-03-22T01:31:57.074702Z[0m [31mERROR[0m [2mvpnnode::roles::client[0m[2m:[0m client: MISSING response channel for response payloads [3mstream_id[0m[2m=[0m4
[2m2026-03-22T01:31:57.076265Z[0m [31mERROR[0m [2mvpnnode::roles::client[0m[2m:[0m client: MISSING response channel for response payloads [3mstream_id[0m[2m=[0m4
[2m2026-03-22T01:31:57.079276Z[0m [31mERROR[0m [2mvpnnode::roles::client[0m[2m:[0m client: MISSING response channel for response payloads [3mstream_id[0m[2m=[0m4
[2m2026-03-22T01:31:57.081945Z[0m [31mERROR[0m [2mvpnnode::roles::client[0m[2m:[0m client: MISSING response channel for response payloads [3mstream_id[0m[2m=[0m4
[2m2026-03-22T01:31:57.084006Z[0m [31mERROR[0m [2mvpnnode::roles::client[0m[2m:[0m client: MISSING response channel for response payloads [3mstream_id[0m[2m=[0m4
[2m2026-03-22T01:31:57.086259Z[0m [31mERROR[0m [2mvpnnode::roles::client[0m[2m:[0m client: MISSING response channel for response payloads [3mstream_id[0m[2m=[0m4
[2m2026-03-22T01:31:57.089137Z[0m [31mERROR[0m [2mvpnnode::roles::client[0m[2m:[0m client: MISSING response channel for response payloads [3mstream_id[0m[2m=[0m4
[2m2026-03-22T01:31:57.104847Z[0m [31mERROR[0m [2mvpnnode::roles::client[0m[2m:[0m client: MISSING response channel for response payloads [3mstream_id[0m[2m=[0m4
[2m2026-03-22T01:31:57.108105Z[0m [31mERROR[0m [2mvpnnode::roles::client[0m[2m:[0m client: MISSING response channel for response payloads [3mstream_id[0m[2m=[0m4
[2m2026-03-22T01:31:57.111933Z[0m [31mERROR[0m [2mvpnnode::roles::client[0m[2m:[0m client: MISSING response channel for response payloads [3mstream_id[0m[2m=[0m4
[2m2026-03-22T01:31:57.114838Z[0m [31mERROR[0m [2mvpnnode::roles::client[0m[2m:[0m client: MISSING response channel for response payloads [3mstream_id[0m[2m=[0m4
[2m2026-03-22T01:31:57.265483Z[0m [31mERROR[0m [2mvpnnode::roles::client[0m[2m:[0m client: MISSING response channel for response payloads [3mstream_id[0m[2m=[0m4
[2m2026-03-22T01:31:57.267760Z[0m [31mERROR[0m [2mvpnnode::roles::client[0m[2m:[0m client: MISSING response channel for response payloads [3mstream_id[0m[2m=[0m4
[2m2026-03-22T01:31:57.269942Z[0m [31mERROR[0m [2mvpnnode::roles::client[0m[2m:[0m client: MISSING response channel for response payloads [3mstream_id[0m[2m=[0m4
[2m2026-03-22T01:31:57.271417Z[0m [31mERROR[0m [2mvpnnode::roles::client[0m[2m:[0m client: MISSING response channel for response payloads [3mstream_id[0m[2m=[0m4
[2m2026-03-22T01:31:57.273575Z[0m [31mERROR[0m [2mvpnnode::roles::client[0m[2m:[0m client: MISSING response channel for response payloads [3mstream_id[0m[2m=[0m4
[2m2026-03-22T01:31:57.275647Z[0m [31mERROR[0m [2mvpnnode::roles::client[0m[2m:[0m client: MISSING response channel for response payloads [3mstream_id[0m[2m=[0m4
[2m2026-03-22T01:31:57.278899Z[0m [31mERROR[0m [2mvpnnode::roles::client[0m[2m:[0m client: MISSING response channel for response payloads [3mstream_id[0m[2m=[0m4
[2m2026-03-22T01:31:57.282393Z[0m [31mERROR[0m [2mvpnnode::roles::client[0m[2m:[0m client: MISSING response channel for response payloads [3mstream_id[0m[2m=[0m4
[2m2026-03-22T01:31:57.285683Z[0m [31mERROR[0m [2mvpnnode::roles::client[0m[2m:[0m client: MISSING response channel for response payloads [3mstream_id[0m[2m=[0m4
[2m2026-03-22T01:31:57.288198Z[0m [31mERROR[0m [2mvpnnode::roles::client[0m[2m:[0m client: MISSING response channel for response payloads [3mstream_id[0m[2m=[0m4
[2m2026-03-22T01:31:57.290287Z[0m [31mERROR[0m [2mvpnnode::roles::client[0m[2m:[0m client: MISSING response channel for response payloads [3mstream_id[0m[2m=[0m4
[2m2026-03-22T01:31:57.291812Z[0m [31mERROR[0m [2mvpnnode::roles::client[0m[2m:[0m client: MISSING response channel for response payloads [3mstream_id[0m[2m=[0m4
[2m2026-03-22T01:31:57.295714Z[0m [31mERROR[0m [2mvpnnode::roles::client[0m[2m:[0m client: MISSING response channel for response payloads [3mstream_id[0m[2m=[0m4
[2m2026-03-22T01:31:57.298372Z[0m [31mERROR[0m [2mvpnnode::roles::client[0m[2m:[0m client: MISSING response channel for response payloads [3mstream_id[0m[2m=[0m4
[2m2026-03-22T01:31:57.300539Z[0m [31mERROR[0m [2mvpnnode::roles::client[0m[2m:[0m client: MISSING response channel for response payloads [3mstream_id[0m[2m=[0m4
[2m2026-03-22T01:31:57.303001Z[0m [31mERROR[0m [2mvpnnode::roles::client[0m[2m:[0m client: MISSING response channel for response payloads [3mstream_id[0m[2m=[0m4
[2m2026-03-22T01:31:57.304101Z[0m [31mERROR[0m [2mvpnnode::roles::client[0m[2m:[0m client failed to open message [3me[0m[2m=[0mduplicate packet detected
ok

test result: ok. 1 passed; 0 failed; 0 ignored; 0 measured; 1 filtered out; finished in 8.39s

