=== remote perf stage matrix ===
direct=31.192.232.26:18080
relay1=45.197.133.115:30001
relay2=185.144.28.95:30002
exit=31.192.232.26:30000
request_path=/perf-262144.bin
runs=5
stage_local_raw=docs/artifacts/remote_perf_stage_matrix_2026-03-21_route_quality_stability.local.jsonl
client_stage_path=docs/artifacts/remote_perf_stage_matrix_2026-03-21_route_quality_stability.client.jsonl
exit_stage_path=/var/log/vpnnode/overlay-stage-exit.jsonl
direct_stage_path=/var/log/vpnnode/perf-forward-stage.jsonl
=== target setup start 2026-03-22T00:57:35+03:00 ===
payload_path=/opt/vpnnode/target-http/perf-262144.bin
payload_bytes=262144

tcp_forward.py            | 4 kB |   4.0 kB/s | ETA: 00:00:00 |  64%
tcp_forward.py            | 6 kB |   6.2 kB/s | ETA: 00:00:00 | 100%
active
direct_addr=31.192.232.26:18080
target_path=/perf-262144.bin
payload_bytes=262144
public_service=vpnnode-target-http-public.service
forward_log_path=/var/log/vpnnode/perf-forward-stage.jsonl
=== target setup end 2026-03-22T00:57:46+03:00 ===
=== exit stage trace setup start 2026-03-22T00:57:46+03:00 ===
active
exit_stage_log_path=/var/log/vpnnode/overlay-stage-exit.jsonl
=== exit stage trace setup end 2026-03-22T00:59:21+03:00 ===
bash.exe :    Compiling proc-macro2 v1.0.106
At line:2 char:1848
+ ... tability.md'; & $bash 'scripts/run_perf_stage_matrix.sh' 2>&1 | Out-F ...
+                   ~~~~~~~~~~~~~~~~~~~~~~~~~~~~~~~~~~~~~~~~~~~~~~~
    + CategoryInfo          : NotSpecified: (   Compiling proc-macro2 v1.0.106:String) [], RemoteException
    + FullyQualifiedErrorId : NativeCommandError
 
   Compiling unicode-ident v1.0.24
   Compiling quote v1.0.45
   Compiling cfg-if v1.0.4
   Compiling typenum v1.19.0
   Compiling version_check v0.9.5
   Compiling windows-link v0.2.1
   Compiling serde_core v1.0.228
   Compiling subtle v2.6.1
   Compiling serde v1.0.228
   Compiling cpufeatures v0.2.17
   Compiling windows_x86_64_msvc v0.52.6
   Compiling semver v1.0.27
   Compiling parking_lot_core v0.9.12
   Compiling once_cell_polyfill v1.70.2
   Compiling utf8parse v0.2.2
   Compiling getrandom v0.2.17
   Compiling windows-sys v0.61.2
   Compiling once_cell v1.21.4
   Compiling smallvec v1.15.1
   Compiling rand_core v0.6.4
   Compiling anstyle v1.0.14
   Compiling anstyle-parse v1.0.0
   Compiling pin-project-lite v0.2.17
   Compiling rustc_version v0.4.1
   Compiling tracing-core v0.1.36
   Compiling scopeguard v1.2.0
   Compiling generic-array v0.14.7
   Compiling colorchoice v1.0.5
   Compiling regex-syntax v0.8.10
   Compiling zmij v1.0.21
   Compiling is_terminal_polyfill v1.70.2
   Compiling equivalent v1.0.2
   Compiling hashbrown v0.16.1
   Compiling lock_api v0.4.14
   Compiling clap_lex v1.1.0
   Compiling thiserror v1.0.69
   Compiling curve25519-dalek v4.1.3
   Compiling serde_json v1.0.149
   Compiling heck v0.5.0
   Compiling windows-targets v0.52.6
   Compiling toml_write v0.1.2
   Compiling indexmap v2.13.0
   Compiling opaque-debug v0.3.1
   Compiling anyhow v1.0.102
   Compiling winnow v0.7.15
   Compiling log v0.4.29
   Compiling strsim v0.11.1
   Compiling lazy_static v1.5.0
   Compiling tracing-log v0.2.0
   Compiling sharded-slab v0.1.7
   Compiling parking_lot v0.12.5
   Compiling windows-sys v0.52.0
   Compiling thread_local v1.1.9
   Compiling regex-automata v0.4.14
   Compiling syn v2.0.117
   Compiling itoa v1.0.17
   Compiling memchr v2.8.0
   Compiling vpnnode v0.1.0 (C:\neinternet\vpnnode)
   Compiling bytes v1.11.1
   Compiling socket2 v0.5.10
   Compiling crypto-common v0.1.7
   Compiling block-buffer v0.10.4
   Compiling inout v0.1.4
   Compiling anstyle-wincon v3.0.11
   Compiling digest v0.10.7
   Compiling anstyle-query v1.1.5
   Compiling universal-hash v0.5.1
   Compiling aead v0.5.2
   Compiling socket2 v0.6.3
   Compiling nu-ansi-term v0.50.3
   Compiling mio v1.1.1
   Compiling anstream v1.0.0
   Compiling poly1305 v0.8.0
   Compiling hmac v0.12.1
   Compiling sha2 v0.10.9
   Compiling hkdf v0.12.4
   Compiling clap_builder v4.6.0
   Compiling matchers v0.2.0
   Compiling serde_derive v1.0.228
   Compiling zeroize_derive v1.4.3
   Compiling curve25519-dalek-derive v0.1.1
   Compiling tracing-attributes v0.1.31
   Compiling tokio-macros v2.6.1
   Compiling clap_derive v4.6.0
   Compiling thiserror-impl v1.0.69
   Compiling async-trait v0.1.89
   Compiling zeroize v1.8.2
   Compiling tokio v1.50.0
   Compiling cipher v0.4.4
   Compiling chacha20 v0.9.1
   Compiling tracing v0.1.44
   Compiling chacha20poly1305 v0.10.1
   Compiling tracing-subscriber v0.3.23
   Compiling clap v4.6.0
   Compiling x25519-dalek v2.0.1
   Compiling toml_datetime v0.6.11
   Compiling serde_spanned v0.6.9
   Compiling bincode v1.3.3
   Compiling toml_edit v0.22.27
   Compiling toml v0.8.23
    Finished `test` profile [unoptimized + debuginfo] target(s) in 36.03s
     Running tests\remote_perf_stages.rs (C:/Users/zekin/AppData/Local/Temp/vpnnode-target-stability-stage\debug\deps\r
emote_perf_stages-aa5c5065a4a79a31.exe)

running 1 test
test remote_perf_stage_matrix_collects_measurements ... reset_topology label=relay-1 host=45.197.133.115 services=vpnnode-relay1.service
active
reset_topology label=relay-2 host=185.144.28.95 services=vpnnode-relay2.service
active
reset_topology label=exit host=31.192.232.26 services=vpnnode-exit.service
active
check_service label=exit-target-http host=31.192.232.26 service=vpnnode-target-http.service
active
reset_topology label=relay-1 host=45.197.133.115 services=vpnnode-relay1.service
active
reset_topology label=relay-2 host=185.144.28.95 services=vpnnode-relay2.service
active
reset_topology label=exit host=31.192.232.26 services=vpnnode-exit.service
active
check_service label=exit-target-http host=31.192.232.26 service=vpnnode-target-http.service
active
reset_topology label=relay-1 host=45.197.133.115 services=vpnnode-relay1.service
active
reset_topology label=relay-2 host=185.144.28.95 services=vpnnode-relay2.service
active
reset_topology label=exit host=31.192.232.26 services=vpnnode-exit.service
active
check_service label=exit-target-http host=31.192.232.26 service=vpnnode-target-http.service
active
ok

test result: ok. 1 passed; 0 failed; 0 ignored; 0 measured; 0 filtered out; finished in 882.01s

=== collect stage artifacts start 2026-03-22T01:14:40+03:00 ===

remote_perf_stage_matrix_ | 32 kB |  32.0 kB/s | ETA: 00:00:00 |  89%
remote_perf_stage_matrix_ | 35 kB |  35.9 kB/s | ETA: 00:00:00 | 100%
collected_exit_stage_log=docs/artifacts/remote_perf_stage_matrix_2026-03-21_route_quality_stability.exit.jsonl
collected_direct_stage_log=docs/artifacts/remote_perf_stage_matrix_2026-03-21_route_quality_stability.direct.jsonl
=== collect stage artifacts end 2026-03-22T01:14:49+03:00 ===
=== summarize stage artifacts start 2026-03-22T01:14:50+03:00 ===
=== summarize stage artifacts end 2026-03-22T01:14:50+03:00 ===
=== cleanup start 2026-03-22T01:14:50+03:00 ===
Removed /etc/systemd/system/multi-user.target.wants/vpnnode-target-http-public.service.
exit_service=active
public_service=inactive
cleanup_status=done
=== cleanup end 2026-03-22T01:16:25+03:00 ===
