=== remote perf stage matrix ===
direct=31.192.232.26:18080
relay1=45.197.133.115:30001
relay2=185.144.28.95:30002
exit=31.192.232.26:30000
request_path=/perf-262144.bin
runs=5
stage_local_raw=docs/artifacts/remote_perf_stage_matrix_2026-03-21.local.jsonl
client_stage_path=docs/artifacts/remote_perf_stage_matrix_2026-03-21.client.jsonl
exit_stage_path=/var/log/vpnnode/overlay-stage-exit.jsonl
direct_stage_path=/var/log/vpnnode/perf-forward-stage.jsonl
=== target setup start 2026-03-21T03:05:25+03:00 ===
payload_path=/opt/vpnnode/target-http/perf-262144.bin
payload_bytes=262144
tcp_forward.py            | 4 kB |   4.0 kB/s | ETA: 00:00:00 |  64%tcp_forward.py            | 6 kB |   6.2 kB/s | ETA: 00:00:00 | 100%
Created symlink /etc/systemd/system/multi-user.target.wants/vpnnode-target-http-public.service → /etc/systemd/system/vpnnode-target-http-public.service.
active
direct_addr=31.192.232.26:18080
target_path=/perf-262144.bin
payload_bytes=262144
public_service=vpnnode-target-http-public.service
forward_log_path=/var/log/vpnnode/perf-forward-stage.jsonl
=== target setup end 2026-03-21T03:05:35+03:00 ===
=== exit stage trace setup start 2026-03-21T03:05:35+03:00 ===
active
exit_stage_log_path=/var/log/vpnnode/overlay-stage-exit.jsonl
=== exit stage trace setup end 2026-03-21T03:07:11+03:00 ===
   Compiling vpnnode v0.1.0 (C:\neinternet\vpnnode)
    Finished `test` profile [unoptimized + debuginfo] target(s) in 6.89s
     Running tests\remote_perf_stages.rs (C:/Users/zekin/AppData/Local/Temp/vpnnode-target\debug\deps\remote_perf_stages-aa5c5065a4a79a31.exe)

running 1 test
test remote_perf_stage_matrix_collects_measurements ... reset_topology label=relay-1 host=45.197.133.115 services=vpnnode-relay1.service
active
reset_topology label=relay-2 host=185.144.28.95 services=vpnnode-relay2.service
active
reset_topology label=exit host=31.192.232.26 services=vpnnode-exit.service
active
check_service label=exit-target-http host=31.192.232.26 service=vpnnode-target-http.service
active
reset_topology label=relay-1 host=45.197.133.115 services=vpnnode-relay1.service
active
reset_topology label=relay-2 host=185.144.28.95 services=vpnnode-relay2.service
active
reset_topology label=exit host=31.192.232.26 services=vpnnode-exit.service
active
check_service label=exit-target-http host=31.192.232.26 service=vpnnode-target-http.service
active
[2m2026-03-21T00:17:48.744604Z[0m [31mERROR[0m [2mvpnnode::roles::client[0m[2m:[0m client: MISSING response channel for response payloads [3mstream_id[0m[2m=[0m1000000000
[2m2026-03-21T00:17:48.745130Z[0m [31mERROR[0m [2mvpnnode::roles::client[0m[2m:[0m client: MISSING response channel for response payloads [3mstream_id[0m[2m=[0m1000000000
[2m2026-03-21T00:17:48.745489Z[0m [31mERROR[0m [2mvpnnode::roles::client[0m[2m:[0m client: MISSING response channel for response payloads [3mstream_id[0m[2m=[0m1000000000
[2m2026-03-21T00:17:48.745899Z[0m [31mERROR[0m [2mvpnnode::roles::client[0m[2m:[0m client: MISSING response channel for response payloads [3mstream_id[0m[2m=[0m1000000000
reset_topology label=relay-1 host=45.197.133.115 services=vpnnode-relay1.service
active
reset_topology label=relay-2 host=185.144.28.95 services=vpnnode-relay2.service
active
reset_topology label=exit host=31.192.232.26 services=vpnnode-exit.service
active
check_service label=exit-target-http host=31.192.232.26 service=vpnnode-target-http.service
active
[2m2026-03-21T00:23:38.804990Z[0m [31mERROR[0m [2mvpnnode::roles::client[0m[2m:[0m client: MISSING response channel for response payloads [3mstream_id[0m[2m=[0m2
[2m2026-03-21T00:23:38.805620Z[0m [31mERROR[0m [2mvpnnode::roles::client[0m[2m:[0m client: MISSING response channel for response payloads [3mstream_id[0m[2m=[0m2
[2m2026-03-21T00:23:38.865455Z[0m [31mERROR[0m [2mvpnnode::roles::client[0m[2m:[0m client: MISSING response channel for response payloads [3mstream_id[0m[2m=[0m2
[2m2026-03-21T00:23:38.866406Z[0m [31mERROR[0m [2mvpnnode::roles::client[0m[2m:[0m client: MISSING response channel for response payloads [3mstream_id[0m[2m=[0m2
[2m2026-03-21T00:23:50.678338Z[0m [31mERROR[0m [2mvpnnode::roles::client[0m[2m:[0m client: MISSING response channel for response payloads [3mstream_id[0m[2m=[0m3
[2m2026-03-21T00:23:50.679411Z[0m [31mERROR[0m [2mvpnnode::roles::client[0m[2m:[0m client: MISSING response channel for response payloads [3mstream_id[0m[2m=[0m3
[2m2026-03-21T00:23:50.680377Z[0m [31mERROR[0m [2mvpnnode::roles::client[0m[2m:[0m client: MISSING response channel for response payloads [3mstream_id[0m[2m=[0m3
[2m2026-03-21T00:24:24.133036Z[0m [31mERROR[0m [2mvpnnode::roles::client[0m[2m:[0m client: MISSING response channel for response payloads [3mstream_id[0m[2m=[0m6
ok

test result: ok. 1 passed; 0 failed; 0 ignored; 0 measured; 0 filtered out; finished in 1036.58s

=== collect stage artifacts start 2026-03-21T03:24:35+03:00 ===
remote_perf_stage_matrix_ | 24 kB |  24.6 kB/s | ETA: 00:00:00 | 100%
remote_perf_stage_matrix_ | 3 kB |   3.1 kB/s | ETA: 00:00:00 | 100%
collected_exit_stage_log=docs/artifacts/remote_perf_stage_matrix_2026-03-21.exit.jsonl
collected_direct_stage_log=docs/artifacts/remote_perf_stage_matrix_2026-03-21.direct.jsonl
=== collect stage artifacts end 2026-03-21T03:24:44+03:00 ===
=== summarize stage artifacts start 2026-03-21T03:24:44+03:00 ===
=== summarize stage artifacts end 2026-03-21T03:24:44+03:00 ===
=== cleanup start 2026-03-21T03:24:44+03:00 ===
Removed /etc/systemd/system/multi-user.target.wants/vpnnode-target-http-public.service.
exit_service=active
public_service=inactive
cleanup_status=done
=== cleanup end 2026-03-21T03:26:19+03:00 ===
