    Blocking waiting for file lock on package cache
    Blocking waiting for file lock on artifact directory
   Compiling vpnnode v0.1.0 (C:\neinternet\vpnnode)
    Finished `test` profile [unoptimized + debuginfo] target(s) in 35.35s
     Running tests\baseline.rs (target\debug\deps\baseline-18a10cfd4cc7b25f.exe)

running 9 tests
test baseline_suite::baseline_handshake_challenge ... [2m2026-03-23T21:21:16.684325Z[0m [33m WARN[0m [2mvpnnode::roles::exit[0m[2m:[0m SUSPICIOUSLY SMALL RESPONSE: possible accounting or streaming issue [3mstream_id[0m[2m=[0m1000000000 [3msite[0m[2m=[0mprobe [3mresp_bytes_total[0m[2m=[0m108 [3mframes_sent_total[0m[2m=[0m1
[2m2026-03-23T21:21:16.841520Z[0m [33m WARN[0m [2mvpnnode::roles::exit[0m[2m:[0m SUSPICIOUSLY SMALL RESPONSE: possible accounting or streaming issue [3mstream_id[0m[2m=[0m1000000001 [3msite[0m[2m=[0mprobe [3mresp_bytes_total[0m[2m=[0m108 [3mframes_sent_total[0m[2m=[0m1
[2m2026-03-23T21:21:17.059210Z[0m [33m WARN[0m [2mvpnnode::roles::exit[0m[2m:[0m SUSPICIOUSLY SMALL RESPONSE: possible accounting or streaming issue [3mstream_id[0m[2m=[0m1 [3msite[0m[2m=[0mexample [3mresp_bytes_total[0m[2m=[0m110 [3mframes_sent_total[0m[2m=[0m1
ok
test baseline_suite::baseline_large_transfer_ge_5mb ... [2m2026-03-23T21:21:17.340801Z[0m [33m WARN[0m [2mvpnnode::roles::exit[0m[2m:[0m SUSPICIOUSLY SMALL RESPONSE: possible accounting or streaming issue [3mstream_id[0m[2m=[0m1000000000 [3msite[0m[2m=[0mprobe [3mresp_bytes_total[0m[2m=[0m108 [3mframes_sent_total[0m[2m=[0m1
[2m2026-03-23T21:21:17.496220Z[0m [33m WARN[0m [2mvpnnode::roles::exit[0m[2m:[0m SUSPICIOUSLY SMALL RESPONSE: possible accounting or streaming issue [3mstream_id[0m[2m=[0m1000000001 [3msite[0m[2m=[0mprobe [3mresp_bytes_total[0m[2m=[0m108 [3mframes_sent_total[0m[2m=[0m1
[2m2026-03-23T21:21:17.767634Z[0m [33m WARN[0m [2mvpnnode::roles::exit[0m[2m:[0m SUSPICIOUSLY SMALL RESPONSE: possible accounting or streaming issue [3mstream_id[0m[2m=[0m1 [3msite[0m[2m=[0mexample [3mresp_bytes_total[0m[2m=[0m110 [3mframes_sent_total[0m[2m=[0m1
ok
test baseline_suite::baseline_parallel_streams_ge_5 ... [2m2026-03-23T21:21:44.012609Z[0m [33m WARN[0m [2mvpnnode::roles::exit[0m[2m:[0m SUSPICIOUSLY SMALL RESPONSE: possible accounting or streaming issue [3mstream_id[0m[2m=[0m1000000000 [3msite[0m[2m=[0mprobe [3mresp_bytes_total[0m[2m=[0m108 [3mframes_sent_total[0m[2m=[0m1
[2m2026-03-23T21:21:44.168029Z[0m [33m WARN[0m [2mvpnnode::roles::exit[0m[2m:[0m SUSPICIOUSLY SMALL RESPONSE: possible accounting or streaming issue [3mstream_id[0m[2m=[0m1000000001 [3msite[0m[2m=[0mprobe [3mresp_bytes_total[0m[2m=[0m108 [3mframes_sent_total[0m[2m=[0m1
[2m2026-03-23T21:21:44.385708Z[0m [33m WARN[0m [2mvpnnode::roles::exit[0m[2m:[0m SUSPICIOUSLY SMALL RESPONSE: possible accounting or streaming issue [3mstream_id[0m[2m=[0m1 [3msite[0m[2m=[0mexample [3mresp_bytes_total[0m[2m=[0m110 [3mframes_sent_total[0m[2m=[0m1
[2m2026-03-23T21:21:44.542280Z[0m [33m WARN[0m [2mvpnnode::roles::exit[0m[2m:[0m SUSPICIOUSLY SMALL RESPONSE: possible accounting or streaming issue [3mstream_id[0m[2m=[0m2 [3msite[0m[2m=[0mexample [3mresp_bytes_total[0m[2m=[0m110 [3mframes_sent_total[0m[2m=[0m1
[2m2026-03-23T21:21:44.698454Z[0m [33m WARN[0m [2mvpnnode::roles::exit[0m[2m:[0m SUSPICIOUSLY SMALL RESPONSE: possible accounting or streaming issue [3mstream_id[0m[2m=[0m3 [3msite[0m[2m=[0mexample [3mresp_bytes_total[0m[2m=[0m110 [3mframes_sent_total[0m[2m=[0m1
[2m2026-03-23T21:21:44.855733Z[0m [33m WARN[0m [2mvpnnode::roles::exit[0m[2m:[0m SUSPICIOUSLY SMALL RESPONSE: possible accounting or streaming issue [3mstream_id[0m[2m=[0m4 [3msite[0m[2m=[0mexample [3mresp_bytes_total[0m[2m=[0m110 [3mframes_sent_total[0m[2m=[0m1
[2m2026-03-23T21:21:45.011973Z[0m [33m WARN[0m [2mvpnnode::roles::exit[0m[2m:[0m SUSPICIOUSLY SMALL RESPONSE: possible accounting or streaming issue [3mstream_id[0m[2m=[0m5 [3msite[0m[2m=[0mexample [3mresp_bytes_total[0m[2m=[0m110 [3mframes_sent_total[0m[2m=[0m1
ok
test baseline_suite::baseline_response_completion_respects_non_pathological_growth ... [2m2026-03-23T21:21:45.292366Z[0m [33m WARN[0m [2mvpnnode::roles::exit[0m[2m:[0m SUSPICIOUSLY SMALL RESPONSE: possible accounting or streaming issue [3mstream_id[0m[2m=[0m1000000000 [3msite[0m[2m=[0mprobe [3mresp_bytes_total[0m[2m=[0m108 [3mframes_sent_total[0m[2m=[0m1
[2m2026-03-23T21:21:45.449429Z[0m [33m WARN[0m [2mvpnnode::roles::exit[0m[2m:[0m SUSPICIOUSLY SMALL RESPONSE: possible accounting or streaming issue [3mstream_id[0m[2m=[0m1000000001 [3msite[0m[2m=[0mprobe [3mresp_bytes_total[0m[2m=[0m108 [3mframes_sent_total[0m[2m=[0m1
[2m2026-03-23T21:21:45.685120Z[0m [33m WARN[0m [2mvpnnode::roles::exit[0m[2m:[0m SUSPICIOUSLY SMALL RESPONSE: possible accounting or streaming issue [3mstream_id[0m[2m=[0m1 [3msite[0m[2m=[0mexample [3mresp_bytes_total[0m[2m=[0m110 [3mframes_sent_total[0m[2m=[0m1
ok
test baseline_suite::baseline_route_1hop_client_to_exit ... [2m2026-03-23T21:21:46.032217Z[0m [33m WARN[0m [2mvpnnode::roles::exit[0m[2m:[0m SUSPICIOUSLY SMALL RESPONSE: possible accounting or streaming issue [3mstream_id[0m[2m=[0m1000000000 [3msite[0m[2m=[0mprobe [3mresp_bytes_total[0m[2m=[0m108 [3mframes_sent_total[0m[2m=[0m1
[2m2026-03-23T21:21:46.408799Z[0m [33m WARN[0m [2mvpnnode::roles::exit[0m[2m:[0m SUSPICIOUSLY SMALL RESPONSE: possible accounting or streaming issue [3mstream_id[0m[2m=[0m1 [3msite[0m[2m=[0mexample [3mresp_bytes_total[0m[2m=[0m110 [3mframes_sent_total[0m[2m=[0m1
ok
test baseline_suite::baseline_route_2hop_client_via_relay_to_exit ... [2m2026-03-23T21:21:46.707221Z[0m [33m WARN[0m [2mvpnnode::roles::exit[0m[2m:[0m SUSPICIOUSLY SMALL RESPONSE: possible accounting or streaming issue [3mstream_id[0m[2m=[0m1000000000 [3msite[0m[2m=[0mprobe [3mresp_bytes_total[0m[2m=[0m108 [3mframes_sent_total[0m[2m=[0m1
[2m2026-03-23T21:21:46.861828Z[0m [33m WARN[0m [2mvpnnode::roles::exit[0m[2m:[0m SUSPICIOUSLY SMALL RESPONSE: possible accounting or streaming issue [3mstream_id[0m[2m=[0m1000000001 [3msite[0m[2m=[0mprobe [3mresp_bytes_total[0m[2m=[0m108 [3mframes_sent_total[0m[2m=[0m1
[2m2026-03-23T21:21:47.079056Z[0m [33m WARN[0m [2mvpnnode::roles::exit[0m[2m:[0m SUSPICIOUSLY SMALL RESPONSE: possible accounting or streaming issue [3mstream_id[0m[2m=[0m1 [3msite[0m[2m=[0mexample [3mresp_bytes_total[0m[2m=[0m110 [3mframes_sent_total[0m[2m=[0m1
ok
test baseline_suite::baseline_route_3hop_via_two_relays_to_exit ... [2m2026-03-23T21:21:47.389072Z[0m [33m WARN[0m [2mvpnnode::roles::exit[0m[2m:[0m SUSPICIOUSLY SMALL RESPONSE: possible accounting or streaming issue [3mstream_id[0m[2m=[0m1000000000 [3msite[0m[2m=[0mprobe [3mresp_bytes_total[0m[2m=[0m108 [3mframes_sent_total[0m[2m=[0m1
[2m2026-03-23T21:21:47.545486Z[0m [33m WARN[0m [2mvpnnode::roles::exit[0m[2m:[0m SUSPICIOUSLY SMALL RESPONSE: possible accounting or streaming issue [3mstream_id[0m[2m=[0m1000000001 [3msite[0m[2m=[0mprobe [3mresp_bytes_total[0m[2m=[0m108 [3mframes_sent_total[0m[2m=[0m1
[2m2026-03-23T21:21:47.702824Z[0m [33m WARN[0m [2mvpnnode::roles::exit[0m[2m:[0m SUSPICIOUSLY SMALL RESPONSE: possible accounting or streaming issue [3mstream_id[0m[2m=[0m1000000002 [3msite[0m[2m=[0mprobe [3mresp_bytes_total[0m[2m=[0m108 [3mframes_sent_total[0m[2m=[0m1
[2m2026-03-23T21:21:47.858556Z[0m [33m WARN[0m [2mvpnnode::roles::exit[0m[2m:[0m SUSPICIOUSLY SMALL RESPONSE: possible accounting or streaming issue [3mstream_id[0m[2m=[0m1 [3msite[0m[2m=[0mexample [3mresp_bytes_total[0m[2m=[0m110 [3mframes_sent_total[0m[2m=[0m1
ok
test baseline_suite::baseline_small_response_returns_200_and_completes ... [2m2026-03-23T21:21:48.153658Z[0m [33m WARN[0m [2mvpnnode::roles::exit[0m[2m:[0m SUSPICIOUSLY SMALL RESPONSE: possible accounting or streaming issue [3mstream_id[0m[2m=[0m1000000000 [3msite[0m[2m=[0mprobe [3mresp_bytes_total[0m[2m=[0m108 [3mframes_sent_total[0m[2m=[0m1
[2m2026-03-23T21:21:48.308404Z[0m [33m WARN[0m [2mvpnnode::roles::exit[0m[2m:[0m SUSPICIOUSLY SMALL RESPONSE: possible accounting or streaming issue [3mstream_id[0m[2m=[0m1000000001 [3msite[0m[2m=[0mprobe [3mresp_bytes_total[0m[2m=[0m108 [3mframes_sent_total[0m[2m=[0m1
[2m2026-03-23T21:21:48.527440Z[0m [33m WARN[0m [2mvpnnode::roles::exit[0m[2m:[0m SUSPICIOUSLY SMALL RESPONSE: possible accounting or streaming issue [3mstream_id[0m[2m=[0m1 [3msite[0m[2m=[0mexample [3mresp_bytes_total[0m[2m=[0m110 [3mframes_sent_total[0m[2m=[0m1
ok
test baseline_suite::baseline_target_unavailable_returns_502 ... [2m2026-03-23T21:21:49.682903Z[0m [31mERROR[0m [2mvpnnode::roles::exit[0m[2m:[0m exit connect to target timed out [3mstream_id[0m[2m=[0m1000000000 [3mtarget_addr[0m[2m=[0m127.0.0.1:28999
[2m2026-03-23T21:21:50.695365Z[0m [31mERROR[0m [2mvpnnode::roles::exit[0m[2m:[0m exit connect to target timed out [3mstream_id[0m[2m=[0m1 [3mtarget_addr[0m[2m=[0m127.0.0.1:28999
[2m2026-03-23T21:21:51.708163Z[0m [31mERROR[0m [2mvpnnode::roles::exit[0m[2m:[0m exit connect to target timed out [3mstream_id[0m[2m=[0m1000000001 [3mtarget_addr[0m[2m=[0m127.0.0.1:28999
[2m2026-03-23T21:21:52.720974Z[0m [31mERROR[0m [2mvpnnode::roles::exit[0m[2m:[0m exit connect to target timed out [3mstream_id[0m[2m=[0m2 [3mtarget_addr[0m[2m=[0m127.0.0.1:28999
ok

test result: ok. 9 passed; 0 failed; 0 ignored; 0 measured; 0 filtered out; finished in 36.33s

