   Compiling cfg-if v1.0.4
   Compiling subtle v2.6.1
   Compiling cpufeatures v0.2.17
   Compiling smallvec v1.15.1
   Compiling scopeguard v1.2.0
   Compiling pin-project-lite v0.2.17
   Compiling libc v0.2.183
   Compiling typenum v1.19.0
   Compiling serde_core v1.0.228
   Compiling serde v1.0.228
   Compiling parking_lot_core v0.9.12
   Compiling utf8parse v0.2.2
   Compiling generic-array v0.14.7
   Compiling once_cell v1.21.4
   Compiling zeroize v1.8.2
   Compiling colorchoice v1.0.5
   Compiling anstyle v1.0.14
   Compiling lock_api v0.4.14
   Compiling is_terminal_polyfill v1.70.2
   Compiling hashbrown v0.16.1
   Compiling anstyle-parse v1.0.0
   Compiling regex-syntax v0.8.10
   Compiling equivalent v1.0.2
   Compiling anstyle-query v1.1.5
   Compiling zmij v1.0.21
   Compiling curve25519-dalek v4.1.3
   Compiling nix v0.31.2
   Compiling tracing-core v0.1.36
   Compiling bitflags v2.11.0
   Compiling bytes v1.11.1
   Compiling strsim v0.11.1
   Compiling clap_lex v1.1.0
   Compiling lazy_static v1.5.0
   Compiling anstream v1.0.0
   Compiling log v0.4.29
   Compiling opaque-debug v0.3.1
   Compiling winnow v0.7.15
   Compiling toml_write v0.1.2
   Compiling anyhow v1.0.102
   Compiling thiserror v1.0.69
   Compiling clap_builder v4.6.0
   Compiling sharded-slab v0.1.7
   Compiling tracing-log v0.2.0
   Compiling tracing v0.1.44
   Compiling serde_json v1.0.149
   Compiling indexmap v2.13.0
   Compiling thread_local v1.1.9
   Compiling memchr v2.8.0
   Compiling itoa v1.0.17
   Compiling nu-ansi-term v0.50.3
   Compiling vpnnode v0.1.0 (C:\neinternet\vpnnode)
   Compiling block-buffer v0.10.4
   Compiling inout v0.1.4
   Compiling regex-automata v0.4.14
   Compiling getrandom v0.2.17
   Compiling errno v0.3.14
   Compiling rand_core v0.6.4
   Compiling signal-hook-registry v1.4.8
   Compiling crypto-common v0.1.7
   Compiling parking_lot v0.12.5
   Compiling socket2 v0.6.3
   Compiling mio v1.1.1
   Compiling digest v0.10.7
   Compiling universal-hash v0.5.1
   Compiling cipher v0.4.4
   Compiling aead v0.5.2
   Compiling poly1305 v0.8.0
   Compiling hmac v0.12.1
   Compiling chacha20 v0.9.1
   Compiling sha2 v0.10.9
   Compiling x25519-dalek v2.0.1
   Compiling socket2 v0.5.10
   Compiling tokio v1.50.0
   Compiling chacha20poly1305 v0.10.1
   Compiling hkdf v0.12.4
   Compiling clap v4.6.0
   Compiling toml_datetime v0.6.11
   Compiling serde_spanned v0.6.9
   Compiling bincode v1.3.3
   Compiling toml_edit v0.22.27
   Compiling matchers v0.2.0
   Compiling tracing-subscriber v0.3.23
   Compiling toml v0.8.23
   Compiling tokio-tun v0.15.2
    Finished `release` profile [optimized] target(s) in 1m 22s
