   Compiling vpnnode v0.1.0 (C:\neinternet\vpnnode)
    Finished `test` profile [unoptimized + debuginfo] target(s) in 6.69s
     Running tests\baseline.rs (target\debug\deps\baseline-18a10cfd4cc7b25f.exe)

running 9 tests
test baseline_suite::baseline_handshake_challenge ... [2m2026-03-22T17:57:49.605328Z[0m [33m WARN[0m [2mvpnnode::roles::exit[0m[2m:[0m SUSPICIOUSLY SMALL RESPONSE: possible accounting or streaming issue [3mstream_id[0m[2m=[0m1000000000 [3msite[0m[2m=[0mprobe [3mresp_bytes_total[0m[2m=[0m108 [3mframes_sent_total[0m[2m=[0m1
[2m2026-03-22T17:57:49.775164Z[0m [33m WARN[0m [2mvpnnode::roles::exit[0m[2m:[0m SUSPICIOUSLY SMALL RESPONSE: possible accounting or streaming issue [3mstream_id[0m[2m=[0m1000000001 [3msite[0m[2m=[0mprobe [3mresp_bytes_total[0m[2m=[0m108 [3mframes_sent_total[0m[2m=[0m1
[2m2026-03-22T17:57:49.994514Z[0m [33m WARN[0m [2mvpnnode::roles::exit[0m[2m:[0m SUSPICIOUSLY SMALL RESPONSE: possible accounting or streaming issue [3mstream_id[0m[2m=[0m1 [3msite[0m[2m=[0mexample [3mresp_bytes_total[0m[2m=[0m110 [3mframes_sent_total[0m[2m=[0m1
ok
test baseline_suite::baseline_large_transfer_ge_5mb ... [2m2026-03-22T17:57:50.277537Z[0m [33m WARN[0m [2mvpnnode::roles::exit[0m[2m:[0m SUSPICIOUSLY SMALL RESPONSE: possible accounting or streaming issue [3mstream_id[0m[2m=[0m1000000000 [3msite[0m[2m=[0mprobe [3mresp_bytes_total[0m[2m=[0m108 [3mframes_sent_total[0m[2m=[0m1
[2m2026-03-22T17:57:50.434040Z[0m [33m WARN[0m [2mvpnnode::roles::exit[0m[2m:[0m SUSPICIOUSLY SMALL RESPONSE: possible accounting or streaming issue [3mstream_id[0m[2m=[0m1000000001 [3msite[0m[2m=[0mprobe [3mresp_bytes_total[0m[2m=[0m108 [3mframes_sent_total[0m[2m=[0m1
[2m2026-03-22T17:57:50.682505Z[0m [33m WARN[0m [2mvpnnode::roles::exit[0m[2m:[0m SUSPICIOUSLY SMALL RESPONSE: possible accounting or streaming issue [3mstream_id[0m[2m=[0m1 [3msite[0m[2m=[0mexample [3mresp_bytes_total[0m[2m=[0m110 [3mframes_sent_total[0m[2m=[0m1
ok
test baseline_suite::baseline_parallel_streams_ge_5 ... [2m2026-03-22T17:58:12.912486Z[0m [33m WARN[0m [2mvpnnode::roles::exit[0m[2m:[0m SUSPICIOUSLY SMALL RESPONSE: possible accounting or streaming issue [3mstream_id[0m[2m=[0m1000000000 [3msite[0m[2m=[0mprobe [3mresp_bytes_total[0m[2m=[0m108 [3mframes_sent_total[0m[2m=[0m1
[2m2026-03-22T17:58:13.068215Z[0m [33m WARN[0m [2mvpnnode::roles::exit[0m[2m:[0m SUSPICIOUSLY SMALL RESPONSE: possible accounting or streaming issue [3mstream_id[0m[2m=[0m1000000001 [3msite[0m[2m=[0mprobe [3mresp_bytes_total[0m[2m=[0m108 [3mframes_sent_total[0m[2m=[0m1
[2m2026-03-22T17:58:13.300904Z[0m [33m WARN[0m [2mvpnnode::roles::exit[0m[2m:[0m SUSPICIOUSLY SMALL RESPONSE: possible accounting or streaming issue [3mstream_id[0m[2m=[0m1 [3msite[0m[2m=[0mexample [3mresp_bytes_total[0m[2m=[0m110 [3mframes_sent_total[0m[2m=[0m1
[2m2026-03-22T17:58:13.458364Z[0m [33m WARN[0m [2mvpnnode::roles::exit[0m[2m:[0m SUSPICIOUSLY SMALL RESPONSE: possible accounting or streaming issue [3mstream_id[0m[2m=[0m2 [3msite[0m[2m=[0mexample [3mresp_bytes_total[0m[2m=[0m110 [3mframes_sent_total[0m[2m=[0m1
[2m2026-03-22T17:58:13.614988Z[0m [33m WARN[0m [2mvpnnode::roles::exit[0m[2m:[0m SUSPICIOUSLY SMALL RESPONSE: possible accounting or streaming issue [3mstream_id[0m[2m=[0m3 [3msite[0m[2m=[0mexample [3mresp_bytes_total[0m[2m=[0m110 [3mframes_sent_total[0m[2m=[0m1
[2m2026-03-22T17:58:13.773383Z[0m [33m WARN[0m [2mvpnnode::roles::exit[0m[2m:[0m SUSPICIOUSLY SMALL RESPONSE: possible accounting or streaming issue [3mstream_id[0m[2m=[0m4 [3msite[0m[2m=[0mexample [3mresp_bytes_total[0m[2m=[0m110 [3mframes_sent_total[0m[2m=[0m1
[2m2026-03-22T17:58:13.929831Z[0m [33m WARN[0m [2mvpnnode::roles::exit[0m[2m:[0m SUSPICIOUSLY SMALL RESPONSE: possible accounting or streaming issue [3mstream_id[0m[2m=[0m5 [3msite[0m[2m=[0mexample [3mresp_bytes_total[0m[2m=[0m110 [3mframes_sent_total[0m[2m=[0m1
ok
test baseline_suite::baseline_response_completion_respects_non_pathological_growth ... [2m2026-03-22T17:58:14.209819Z[0m [33m WARN[0m [2mvpnnode::roles::exit[0m[2m:[0m SUSPICIOUSLY SMALL RESPONSE: possible accounting or streaming issue [3mstream_id[0m[2m=[0m1000000000 [3msite[0m[2m=[0mprobe [3mresp_bytes_total[0m[2m=[0m108 [3mframes_sent_total[0m[2m=[0m1
[2m2026-03-22T17:58:14.367176Z[0m [33m WARN[0m [2mvpnnode::roles::exit[0m[2m:[0m SUSPICIOUSLY SMALL RESPONSE: possible accounting or streaming issue [3mstream_id[0m[2m=[0m1000000001 [3msite[0m[2m=[0mprobe [3mresp_bytes_total[0m[2m=[0m108 [3mframes_sent_total[0m[2m=[0m1
[2m2026-03-22T17:58:14.601454Z[0m [33m WARN[0m [2mvpnnode::roles::exit[0m[2m:[0m SUSPICIOUSLY SMALL RESPONSE: possible accounting or streaming issue [3mstream_id[0m[2m=[0m1 [3msite[0m[2m=[0mexample [3mresp_bytes_total[0m[2m=[0m110 [3mframes_sent_total[0m[2m=[0m1
ok
test baseline_suite::baseline_route_1hop_client_to_exit ... [2m2026-03-22T17:58:14.944644Z[0m [33m WARN[0m [2mvpnnode::roles::exit[0m[2m:[0m SUSPICIOUSLY SMALL RESPONSE: possible accounting or streaming issue [3mstream_id[0m[2m=[0m1000000000 [3msite[0m[2m=[0mprobe [3mresp_bytes_total[0m[2m=[0m108 [3mframes_sent_total[0m[2m=[0m1
[2m2026-03-22T17:58:15.333852Z[0m [33m WARN[0m [2mvpnnode::roles::exit[0m[2m:[0m SUSPICIOUSLY SMALL RESPONSE: possible accounting or streaming issue [3mstream_id[0m[2m=[0m1 [3msite[0m[2m=[0mexample [3mresp_bytes_total[0m[2m=[0m110 [3mframes_sent_total[0m[2m=[0m1
ok
test baseline_suite::baseline_route_2hop_client_via_relay_to_exit ... [2m2026-03-22T17:58:15.614065Z[0m [33m WARN[0m [2mvpnnode::roles::exit[0m[2m:[0m SUSPICIOUSLY SMALL RESPONSE: possible accounting or streaming issue [3mstream_id[0m[2m=[0m1000000000 [3msite[0m[2m=[0mprobe [3mresp_bytes_total[0m[2m=[0m108 [3mframes_sent_total[0m[2m=[0m1
[2m2026-03-22T17:58:15.770715Z[0m [33m WARN[0m [2mvpnnode::roles::exit[0m[2m:[0m SUSPICIOUSLY SMALL RESPONSE: possible accounting or streaming issue [3mstream_id[0m[2m=[0m1000000001 [3msite[0m[2m=[0mprobe [3mresp_bytes_total[0m[2m=[0m108 [3mframes_sent_total[0m[2m=[0m1
[2m2026-03-22T17:58:16.006872Z[0m [33m WARN[0m [2mvpnnode::roles::exit[0m[2m:[0m SUSPICIOUSLY SMALL RESPONSE: possible accounting or streaming issue [3mstream_id[0m[2m=[0m1 [3msite[0m[2m=[0mexample [3mresp_bytes_total[0m[2m=[0m110 [3mframes_sent_total[0m[2m=[0m1
ok
test baseline_suite::baseline_route_3hop_via_two_relays_to_exit ... [2m2026-03-22T17:58:16.289293Z[0m [33m WARN[0m [2mvpnnode::roles::exit[0m[2m:[0m SUSPICIOUSLY SMALL RESPONSE: possible accounting or streaming issue [3mstream_id[0m[2m=[0m1000000000 [3msite[0m[2m=[0mprobe [3mresp_bytes_total[0m[2m=[0m108 [3mframes_sent_total[0m[2m=[0m1
[2m2026-03-22T17:58:16.447859Z[0m [33m WARN[0m [2mvpnnode::roles::exit[0m[2m:[0m SUSPICIOUSLY SMALL RESPONSE: possible accounting or streaming issue [3mstream_id[0m[2m=[0m1000000001 [3msite[0m[2m=[0mprobe [3mresp_bytes_total[0m[2m=[0m108 [3mframes_sent_total[0m[2m=[0m1
[2m2026-03-22T17:58:16.601941Z[0m [33m WARN[0m [2mvpnnode::roles::exit[0m[2m:[0m SUSPICIOUSLY SMALL RESPONSE: possible accounting or streaming issue [3mstream_id[0m[2m=[0m1000000002 [3msite[0m[2m=[0mprobe [3mresp_bytes_total[0m[2m=[0m108 [3mframes_sent_total[0m[2m=[0m1
[2m2026-03-22T17:58:16.757506Z[0m [33m WARN[0m [2mvpnnode::roles::exit[0m[2m:[0m SUSPICIOUSLY SMALL RESPONSE: possible accounting or streaming issue [3mstream_id[0m[2m=[0m1 [3msite[0m[2m=[0mexample [3mresp_bytes_total[0m[2m=[0m110 [3mframes_sent_total[0m[2m=[0m1
ok
test baseline_suite::baseline_small_response_returns_200_and_completes ... [2m2026-03-22T17:58:17.039285Z[0m [33m WARN[0m [2mvpnnode::roles::exit[0m[2m:[0m SUSPICIOUSLY SMALL RESPONSE: possible accounting or streaming issue [3mstream_id[0m[2m=[0m1000000000 [3msite[0m[2m=[0mprobe [3mresp_bytes_total[0m[2m=[0m108 [3mframes_sent_total[0m[2m=[0m1
[2m2026-03-22T17:58:17.196817Z[0m [33m WARN[0m [2mvpnnode::roles::exit[0m[2m:[0m SUSPICIOUSLY SMALL RESPONSE: possible accounting or streaming issue [3mstream_id[0m[2m=[0m1000000001 [3msite[0m[2m=[0mprobe [3mresp_bytes_total[0m[2m=[0m108 [3mframes_sent_total[0m[2m=[0m1
[2m2026-03-22T17:58:17.445016Z[0m [33m WARN[0m [2mvpnnode::roles::exit[0m[2m:[0m SUSPICIOUSLY SMALL RESPONSE: possible accounting or streaming issue [3mstream_id[0m[2m=[0m1 [3msite[0m[2m=[0mexample [3mresp_bytes_total[0m[2m=[0m110 [3mframes_sent_total[0m[2m=[0m1
ok
test baseline_suite::baseline_target_unavailable_returns_502 ... [2m2026-03-22T17:58:18.585867Z[0m [31mERROR[0m [2mvpnnode::roles::exit[0m[2m:[0m exit connect to target timed out [3mstream_id[0m[2m=[0m1000000000 [3mtarget_addr[0m[2m=[0m127.0.0.1:28999
[2m2026-03-22T17:58:19.599875Z[0m [31mERROR[0m [2mvpnnode::roles::exit[0m[2m:[0m exit connect to target timed out [3mstream_id[0m[2m=[0m1 [3mtarget_addr[0m[2m=[0m127.0.0.1:28999
[2m2026-03-22T17:58:20.613367Z[0m [31mERROR[0m [2mvpnnode::roles::exit[0m[2m:[0m exit connect to target timed out [3mstream_id[0m[2m=[0m1000000001 [3mtarget_addr[0m[2m=[0m127.0.0.1:28999
[2m2026-03-22T17:58:21.628044Z[0m [31mERROR[0m [2mvpnnode::roles::exit[0m[2m:[0m exit connect to target timed out [3mstream_id[0m[2m=[0m2 [3mtarget_addr[0m[2m=[0m127.0.0.1:28999
ok

test result: ok. 9 passed; 0 failed; 0 ignored; 0 measured; 0 filtered out; finished in 32.31s

