    Blocking waiting for file lock on package cache
    Blocking waiting for file lock on artifact directory
warning: fields `avg_inflight`, `pacing_interval_ms_max`, `effective_inflight_cap_min`, and `effective_inflight_cap_max` are never read
   --> tests\chaos_matrix.rs:98:5
    |
 92 | struct ExitStreamSummary {
    |        ----------------- fields in this struct
...
 98 |     avg_inflight: Option<f64>,
    |     ^^^^^^^^^^^^
...
111 |     pacing_interval_ms_max: Option<u64>,
    |     ^^^^^^^^^^^^^^^^^^^^^^
...
116 |     effective_inflight_cap_min: Option<u64>,
    |     ^^^^^^^^^^^^^^^^^^^^^^^^^^
117 |     effective_inflight_cap_max: Option<u64>,
    |     ^^^^^^^^^^^^^^^^^^^^^^^^^^
    |
    = note: `ExitStreamSummary` has derived impls for the traits `Clone` and `Debug`, but these are intentionally ignored during dead code analysis
    = note: `#[warn(dead_code)]` (part of `#[warn(unused)]`) on by default

warning: associated function `inflight_pressure_regression` is never used
    --> tests\chaos_matrix.rs:2129:8
     |
1962 | impl ChaosRunConfig {
     | ------------------- associated function in this implementation
...
2129 |     fn inflight_pressure_regression(profile_name: &str, base_port: u16, runs: usize) -> Self {
     |        ^^^^^^^^^^^^^^^^^^^^^^^^^^^^

warning: `vpnnode` (test "chaos_matrix") generated 2 warnings
    Finished `test` profile [unoptimized + debuginfo] target(s) in 14.22s
     Running tests\chaos_matrix.rs (target\debug\deps\chaos_matrix-3eab1b6ea173bdb9.exe)

running 10 tests
test chaos_profile_collects_transport_and_selection_artifacts ... [2m2026-03-23T14:39:00.376910Z[0m [33m WARN[0m [2mvpnnode::roles::exit[0m[2m:[0m SUSPICIOUSLY SMALL RESPONSE: possible accounting or streaming issue [3mstream_id[0m[2m=[0m1000000000 [3msite[0m[2m=[0mprobe [3mresp_bytes_total[0m[2m=[0m108 [3mframes_sent_total[0m[2m=[0m1
[2m2026-03-23T14:39:00.869814Z[0m [33m WARN[0m [2mvpnnode::roles::exit[0m[2m:[0m SUSPICIOUSLY SMALL RESPONSE: possible accounting or streaming issue [3mstream_id[0m[2m=[0m1 [3msite[0m[2m=[0mexample [3mresp_bytes_total[0m[2m=[0m110 [3mframes_sent_total[0m[2m=[0m1
[2m2026-03-23T14:39:05.529058Z[0m [33m WARN[0m [2mvpnnode::roles::exit[0m[2m:[0m SUSPICIOUSLY SMALL RESPONSE: possible accounting or streaming issue [3mstream_id[0m[2m=[0m1000000000 [3msite[0m[2m=[0mprobe [3mresp_bytes_total[0m[2m=[0m108 [3mframes_sent_total[0m[2m=[0m1
[2m2026-03-23T14:39:05.702474Z[0m [33m WARN[0m [2mvpnnode::roles::exit[0m[2m:[0m SUSPICIOUSLY SMALL RESPONSE: possible accounting or streaming issue [3mstream_id[0m[2m=[0m1000000001 [3msite[0m[2m=[0mprobe [3mresp_bytes_total[0m[2m=[0m108 [3mframes_sent_total[0m[2m=[0m1
[2m2026-03-23T14:39:05.871258Z[0m [33m WARN[0m [2mvpnnode::roles::exit[0m[2m:[0m SUSPICIOUSLY SMALL RESPONSE: possible accounting or streaming issue [3mstream_id[0m[2m=[0m1000000002 [3msite[0m[2m=[0mprobe [3mresp_bytes_total[0m[2m=[0m108 [3mframes_sent_total[0m[2m=[0m1
[2m2026-03-23T14:39:06.049944Z[0m [33m WARN[0m [2mvpnnode::roles::exit[0m[2m:[0m SUSPICIOUSLY SMALL RESPONSE: possible accounting or streaming issue [3mstream_id[0m[2m=[0m1 [3msite[0m[2m=[0mexample [3mresp_bytes_total[0m[2m=[0m110 [3mframes_sent_total[0m[2m=[0m1
ok
test combined_chaos_duplicate_packets_are_classified_without_open_failure ... [2m2026-03-23T14:39:11.842668Z[0m [33m WARN[0m [2mvpnnode::roles::exit[0m[2m:[0m SUSPICIOUSLY SMALL RESPONSE: possible accounting or streaming issue [3mstream_id[0m[2m=[0m1000000000 [3msite[0m[2m=[0mprobe [3mresp_bytes_total[0m[2m=[0m108 [3mframes_sent_total[0m[2m=[0m1
[2m2026-03-23T14:39:12.251101Z[0m [33m WARN[0m [2mvpnnode::roles::exit[0m[2m:[0m SUSPICIOUSLY SMALL RESPONSE: possible accounting or streaming issue [3mstream_id[0m[2m=[0m1 [3msite[0m[2m=[0mexample [3mresp_bytes_total[0m[2m=[0m110 [3mframes_sent_total[0m[2m=[0m1
[2m2026-03-23T14:39:13.323452Z[0m [33m WARN[0m [2mvpnnode::roles::exit[0m[2m:[0m HIGH RETRANSMIT RATE [3mstream_id[0m[2m=[0m2 [3mframes_sent_total[0m[2m=[0m38 [3mtotal_retransmits[0m[2m=[0m9 [3mretransmit_rate[0m[2m=[0m0.23684210526315788
[2m2026-03-23T14:39:19.561352Z[0m [33m WARN[0m [2mvpnnode::roles::exit[0m[2m:[0m HIGH RETRANSMIT RATE [3mstream_id[0m[2m=[0m3 [3mframes_sent_total[0m[2m=[0m38 [3mtotal_retransmits[0m[2m=[0m32 [3mretransmit_rate[0m[2m=[0m0.8421052631578947
[2m2026-03-23T14:39:26.383613Z[0m [33m WARN[0m [2mvpnnode::roles::exit[0m[2m:[0m HIGH RETRANSMIT RATE [3mstream_id[0m[2m=[0m4 [3mframes_sent_total[0m[2m=[0m38 [3mtotal_retransmits[0m[2m=[0m45 [3mretransmit_rate[0m[2m=[0m1.1842105263157894
[2m2026-03-23T14:39:33.954893Z[0m [33m WARN[0m [2mvpnnode::roles::exit[0m[2m:[0m HIGH RETRANSMIT RATE [3mstream_id[0m[2m=[0m5 [3mframes_sent_total[0m[2m=[0m38 [3mtotal_retransmits[0m[2m=[0m25 [3mretransmit_rate[0m[2m=[0m0.6578947368421053
[2m2026-03-23T14:39:41.912482Z[0m [33m WARN[0m [2mvpnnode::roles::exit[0m[2m:[0m HIGH RETRANSMIT RATE [3mstream_id[0m[2m=[0m6 [3mframes_sent_total[0m[2m=[0m38 [3mtotal_retransmits[0m[2m=[0m32 [3mretransmit_rate[0m[2m=[0m0.8421052631578947
[2m2026-03-23T14:39:45.524210Z[0m [33m WARN[0m [2mvpnnode::roles::exit[0m[2m:[0m SUSPICIOUSLY SMALL RESPONSE: possible accounting or streaming issue [3mstream_id[0m[2m=[0m1000000000 [3msite[0m[2m=[0mprobe [3mresp_bytes_total[0m[2m=[0m108 [3mframes_sent_total[0m[2m=[0m1
[2m2026-03-23T14:39:45.716462Z[0m [33m WARN[0m [2mvpnnode::roles::exit[0m[2m:[0m SUSPICIOUSLY SMALL RESPONSE: possible accounting or streaming issue [3mstream_id[0m[2m=[0m1000000001 [3msite[0m[2m=[0mprobe [3mresp_bytes_total[0m[2m=[0m108 [3mframes_sent_total[0m[2m=[0m1
[2m2026-03-23T14:39:45.897391Z[0m [33m WARN[0m [2mvpnnode::roles::exit[0m[2m:[0m SUSPICIOUSLY SMALL RESPONSE: possible accounting or streaming issue [3mstream_id[0m[2m=[0m1000000002 [3msite[0m[2m=[0mprobe [3mresp_bytes_total[0m[2m=[0m108 [3mframes_sent_total[0m[2m=[0m1
[2m2026-03-23T14:39:46.073532Z[0m [33m WARN[0m [2mvpnnode::roles::exit[0m[2m:[0m SUSPICIOUSLY SMALL RESPONSE: possible accounting or streaming issue [3mstream_id[0m[2m=[0m1 [3msite[0m[2m=[0mexample [3mresp_bytes_total[0m[2m=[0m110 [3mframes_sent_total[0m[2m=[0m1
[2m2026-03-23T14:39:47.547269Z[0m [33m WARN[0m [2mvpnnode::roles::exit[0m[2m:[0m HIGH RETRANSMIT RATE [3mstream_id[0m[2m=[0m2 [3mframes_sent_total[0m[2m=[0m38 [3mtotal_retransmits[0m[2m=[0m21 [3mretransmit_rate[0m[2m=[0m0.5526315789473685
[2m2026-03-23T14:39:49.748821Z[0m [33m WARN[0m [2mvpnnode::roles::exit[0m[2m:[0m HIGH RETRANSMIT RATE [3mstream_id[0m[2m=[0m3 [3mframes_sent_total[0m[2m=[0m38 [3mtotal_retransmits[0m[2m=[0m14 [3mretransmit_rate[0m[2m=[0m0.3684210526315789
[2m2026-03-23T14:39:53.105542Z[0m [33m WARN[0m [2mvpnnode::roles::exit[0m[2m:[0m HIGH RETRANSMIT RATE [3mstream_id[0m[2m=[0m4 [3mframes_sent_total[0m[2m=[0m38 [3mtotal_retransmits[0m[2m=[0m11 [3mretransmit_rate[0m[2m=[0m0.2894736842105263
[2m2026-03-23T14:39:57.567746Z[0m [33m WARN[0m [2mvpnnode::roles::exit[0m[2m:[0m HIGH RETRANSMIT RATE [3mstream_id[0m[2m=[0m5 [3mframes_sent_total[0m[2m=[0m38 [3mtotal_retransmits[0m[2m=[0m25 [3mretransmit_rate[0m[2m=[0m0.6578947368421053
[2m2026-03-23T14:40:01.868283Z[0m [33m WARN[0m [2mvpnnode::roles::exit[0m[2m:[0m HIGH RETRANSMIT RATE [3mstream_id[0m[2m=[0m6 [3mframes_sent_total[0m[2m=[0m38 [3mtotal_retransmits[0m[2m=[0m26 [3mretransmit_rate[0m[2m=[0m0.6842105263157895
ok
test combined_chaos_duplicate_payload_tail_is_absorbed_before_completed_tombstone ... [2m2026-03-23T14:40:04.752649Z[0m [33m WARN[0m [2mvpnnode::roles::exit[0m[2m:[0m SUSPICIOUSLY SMALL RESPONSE: possible accounting or streaming issue [3mstream_id[0m[2m=[0m1000000000 [3msite[0m[2m=[0mprobe [3mresp_bytes_total[0m[2m=[0m108 [3mframes_sent_total[0m[2m=[0m1
[2m2026-03-23T14:40:05.163568Z[0m [33m WARN[0m [2mvpnnode::roles::exit[0m[2m:[0m SUSPICIOUSLY SMALL RESPONSE: possible accounting or streaming issue [3mstream_id[0m[2m=[0m1 [3msite[0m[2m=[0mexample [3mresp_bytes_total[0m[2m=[0m110 [3mframes_sent_total[0m[2m=[0m1
[2m2026-03-23T14:40:06.565351Z[0m [33m WARN[0m [2mvpnnode::roles::exit[0m[2m:[0m HIGH RETRANSMIT RATE [3mstream_id[0m[2m=[0m2 [3mframes_sent_total[0m[2m=[0m38 [3mtotal_retransmits[0m[2m=[0m27 [3mretransmit_rate[0m[2m=[0m0.7105263157894737
[2m2026-03-23T14:40:13.353504Z[0m [33m WARN[0m [2mvpnnode::roles::exit[0m[2m:[0m HIGH RETRANSMIT RATE [3mstream_id[0m[2m=[0m3 [3mframes_sent_total[0m[2m=[0m38 [3mtotal_retransmits[0m[2m=[0m32 [3mretransmit_rate[0m[2m=[0m0.8421052631578947
[2m2026-03-23T14:40:20.964380Z[0m [33m WARN[0m [2mvpnnode::roles::exit[0m[2m:[0m HIGH RETRANSMIT RATE [3mstream_id[0m[2m=[0m4 [3mframes_sent_total[0m[2m=[0m38 [3mtotal_retransmits[0m[2m=[0m32 [3mretransmit_rate[0m[2m=[0m0.8421052631578947
[2m2026-03-23T14:40:28.865145Z[0m [33m WARN[0m [2mvpnnode::roles::exit[0m[2m:[0m HIGH RETRANSMIT RATE [3mstream_id[0m[2m=[0m5 [3mframes_sent_total[0m[2m=[0m38 [3mtotal_retransmits[0m[2m=[0m54 [3mretransmit_rate[0m[2m=[0m1.4210526315789473
[2m2026-03-23T14:40:34.941662Z[0m [33m WARN[0m [2mvpnnode::roles::exit[0m[2m:[0m HIGH RETRANSMIT RATE [3mstream_id[0m[2m=[0m6 [3mframes_sent_total[0m[2m=[0m38 [3mtotal_retransmits[0m[2m=[0m16 [3mretransmit_rate[0m[2m=[0m0.42105263157894735
[2m2026-03-23T14:40:39.711739Z[0m [33m WARN[0m [2mvpnnode::roles::exit[0m[2m:[0m SUSPICIOUSLY SMALL RESPONSE: possible accounting or streaming issue [3mstream_id[0m[2m=[0m1000000000 [3msite[0m[2m=[0mprobe [3mresp_bytes_total[0m[2m=[0m108 [3mframes_sent_total[0m[2m=[0m1
[2m2026-03-23T14:40:39.939239Z[0m [33m WARN[0m [2mvpnnode::roles::exit[0m[2m:[0m SUSPICIOUSLY SMALL RESPONSE: possible accounting or streaming issue [3mstream_id[0m[2m=[0m1000000001 [3msite[0m[2m=[0mprobe [3mresp_bytes_total[0m[2m=[0m108 [3mframes_sent_total[0m[2m=[0m1
[2m2026-03-23T14:40:40.317087Z[0m [33m WARN[0m [2mvpnnode::roles::exit[0m[2m:[0m SUSPICIOUSLY SMALL RESPONSE: possible accounting or streaming issue [3mstream_id[0m[2m=[0m1 [3msite[0m[2m=[0mexample [3mresp_bytes_total[0m[2m=[0m110 [3mframes_sent_total[0m[2m=[0m1
[2m2026-03-23T14:40:40.818737Z[0m [33m WARN[0m [2mvpnnode::roles::exit[0m[2m:[0m SUSPICIOUSLY SMALL RESPONSE: possible accounting or streaming issue [3mstream_id[0m[2m=[0m1000000002 [3msite[0m[2m=[0mprobe [3mresp_bytes_total[0m[2m=[0m108 [3mframes_sent_total[0m[2m=[0m1
[2m2026-03-23T14:40:42.251972Z[0m [33m WARN[0m [2mvpnnode::roles::exit[0m[2m:[0m HIGH RETRANSMIT RATE [3mstream_id[0m[2m=[0m2 [3mframes_sent_total[0m[2m=[0m38 [3mtotal_retransmits[0m[2m=[0m16 [3mretransmit_rate[0m[2m=[0m0.42105263157894735
[2m2026-03-23T14:40:45.830521Z[0m [33m WARN[0m [2mvpnnode::roles::exit[0m[2m:[0m HIGH RETRANSMIT RATE [3mstream_id[0m[2m=[0m3 [3mframes_sent_total[0m[2m=[0m38 [3mtotal_retransmits[0m[2m=[0m16 [3mretransmit_rate[0m[2m=[0m0.42105263157894735
[2m2026-03-23T14:40:51.870018Z[0m [33m WARN[0m [2mvpnnode::roles::exit[0m[2m:[0m HIGH RETRANSMIT RATE [3mstream_id[0m[2m=[0m4 [3mframes_sent_total[0m[2m=[0m38 [3mtotal_retransmits[0m[2m=[0m32 [3mretransmit_rate[0m[2m=[0m0.8421052631578947
[2m2026-03-23T14:40:57.261279Z[0m [33m WARN[0m [2mvpnnode::roles::exit[0m[2m:[0m HIGH RETRANSMIT RATE [3mstream_id[0m[2m=[0m5 [3mframes_sent_total[0m[2m=[0m38 [3mtotal_retransmits[0m[2m=[0m16 [3mretransmit_rate[0m[2m=[0m0.42105263157894735
[2m2026-03-23T14:41:03.426398Z[0m [33m WARN[0m [2mvpnnode::roles::exit[0m[2m:[0m HIGH RETRANSMIT RATE [3mstream_id[0m[2m=[0m6 [3mframes_sent_total[0m[2m=[0m38 [3mtotal_retransmits[0m[2m=[0m25 [3mretransmit_rate[0m[2m=[0m0.6578947368421053
ok
test combined_chaos_preserves_full_body_against_content_length ... [2m2026-03-23T14:41:06.128966Z[0m [33m WARN[0m [2mvpnnode::roles::exit[0m[2m:[0m SUSPICIOUSLY SMALL RESPONSE: possible accounting or streaming issue [3mstream_id[0m[2m=[0m1000000000 [3msite[0m[2m=[0mprobe [3mresp_bytes_total[0m[2m=[0m108 [3mframes_sent_total[0m[2m=[0m1
[2m2026-03-23T14:41:06.532751Z[0m [33m WARN[0m [2mvpnnode::roles::exit[0m[2m:[0m SUSPICIOUSLY SMALL RESPONSE: possible accounting or streaming issue [3mstream_id[0m[2m=[0m1 [3msite[0m[2m=[0mexample [3mresp_bytes_total[0m[2m=[0m110 [3mframes_sent_total[0m[2m=[0m1
[2m2026-03-23T14:41:07.535550Z[0m [33m WARN[0m [2mvpnnode::roles::exit[0m[2m:[0m HIGH RETRANSMIT RATE [3mstream_id[0m[2m=[0m2 [3mframes_sent_total[0m[2m=[0m38 [3mtotal_retransmits[0m[2m=[0m16 [3mretransmit_rate[0m[2m=[0m0.42105263157894735
[2m2026-03-23T14:41:10.837244Z[0m [33m WARN[0m [2mvpnnode::roles::exit[0m[2m:[0m HIGH RETRANSMIT RATE [3mstream_id[0m[2m=[0m3 [3mframes_sent_total[0m[2m=[0m38 [3mtotal_retransmits[0m[2m=[0m22 [3mretransmit_rate[0m[2m=[0m0.5789473684210527
[2m2026-03-23T14:41:14.324458Z[0m [33m WARN[0m [2mvpnnode::roles::exit[0m[2m:[0m HIGH RETRANSMIT RATE [3mstream_id[0m[2m=[0m4 [3mframes_sent_total[0m[2m=[0m38 [3mtotal_retransmits[0m[2m=[0m31 [3mretransmit_rate[0m[2m=[0m0.8157894736842105
ok
test combined_chaos_terminal_close_duplicates_are_suppressed_after_first_signal ... [2m2026-03-23T14:41:17.688071Z[0m [33m WARN[0m [2mvpnnode::roles::exit[0m[2m:[0m SUSPICIOUSLY SMALL RESPONSE: possible accounting or streaming issue [3mstream_id[0m[2m=[0m1000000000 [3msite[0m[2m=[0mprobe [3mresp_bytes_total[0m[2m=[0m108 [3mframes_sent_total[0m[2m=[0m1
[2m2026-03-23T14:41:18.068477Z[0m [33m WARN[0m [2mvpnnode::roles::exit[0m[2m:[0m SUSPICIOUSLY SMALL RESPONSE: possible accounting or streaming issue [3mstream_id[0m[2m=[0m1 [3msite[0m[2m=[0mexample [3mresp_bytes_total[0m[2m=[0m110 [3mframes_sent_total[0m[2m=[0m1
[2m2026-03-23T14:41:19.462885Z[0m [33m WARN[0m [2mvpnnode::roles::exit[0m[2m:[0m HIGH RETRANSMIT RATE [3mstream_id[0m[2m=[0m2 [3mframes_sent_total[0m[2m=[0m38 [3mtotal_retransmits[0m[2m=[0m14 [3mretransmit_rate[0m[2m=[0m0.3684210526315789
[2m2026-03-23T14:41:24.257764Z[0m [33m WARN[0m [2mvpnnode::roles::exit[0m[2m:[0m HIGH RETRANSMIT RATE [3mstream_id[0m[2m=[0m3 [3mframes_sent_total[0m[2m=[0m38 [3mtotal_retransmits[0m[2m=[0m9 [3mretransmit_rate[0m[2m=[0m0.23684210526315788
[2m2026-03-23T14:41:31.673530Z[0m [33m WARN[0m [2mvpnnode::roles::exit[0m[2m:[0m HIGH RETRANSMIT RATE [3mstream_id[0m[2m=[0m4 [3mframes_sent_total[0m[2m=[0m38 [3mtotal_retransmits[0m[2m=[0m29 [3mretransmit_rate[0m[2m=[0m0.7631578947368421
[2m2026-03-23T14:41:38.926204Z[0m [33m WARN[0m [2mvpnnode::roles::exit[0m[2m:[0m HIGH RETRANSMIT RATE [3mstream_id[0m[2m=[0m5 [3mframes_sent_total[0m[2m=[0m38 [3mtotal_retransmits[0m[2m=[0m17 [3mretransmit_rate[0m[2m=[0m0.4473684210526316
[2m2026-03-23T14:41:46.283488Z[0m [33m WARN[0m [2mvpnnode::roles::exit[0m[2m:[0m HIGH RETRANSMIT RATE [3mstream_id[0m[2m=[0m6 [3mframes_sent_total[0m[2m=[0m38 [3mtotal_retransmits[0m[2m=[0m45 [3mretransmit_rate[0m[2m=[0m1.1842105263157894
[2m2026-03-23T14:41:49.980248Z[0m [33m WARN[0m [2mvpnnode::roles::exit[0m[2m:[0m SUSPICIOUSLY SMALL RESPONSE: possible accounting or streaming issue [3mstream_id[0m[2m=[0m1000000000 [3msite[0m[2m=[0mprobe [3mresp_bytes_total[0m[2m=[0m108 [3mframes_sent_total[0m[2m=[0m1
[2m2026-03-23T14:41:50.176525Z[0m [33m WARN[0m [2mvpnnode::roles::exit[0m[2m:[0m SUSPICIOUSLY SMALL RESPONSE: possible accounting or streaming issue [3mstream_id[0m[2m=[0m1000000001 [3msite[0m[2m=[0mprobe [3mresp_bytes_total[0m[2m=[0m108 [3mframes_sent_total[0m[2m=[0m1
[2m2026-03-23T14:41:50.355215Z[0m [33m WARN[0m [2mvpnnode::roles::exit[0m[2m:[0m SUSPICIOUSLY SMALL RESPONSE: possible accounting or streaming issue [3mstream_id[0m[2m=[0m1000000002 [3msite[0m[2m=[0mprobe [3mresp_bytes_total[0m[2m=[0m108 [3mframes_sent_total[0m[2m=[0m1
[2m2026-03-23T14:41:50.607112Z[0m [33m WARN[0m [2mvpnnode::roles::exit[0m[2m:[0m SUSPICIOUSLY SMALL RESPONSE: possible accounting or streaming issue [3mstream_id[0m[2m=[0m1 [3msite[0m[2m=[0mexample [3mresp_bytes_total[0m[2m=[0m110 [3mframes_sent_total[0m[2m=[0m1
[2m2026-03-23T14:41:51.901548Z[0m [33m WARN[0m [2mvpnnode::roles::exit[0m[2m:[0m HIGH RETRANSMIT RATE [3mstream_id[0m[2m=[0m2 [3mframes_sent_total[0m[2m=[0m38 [3mtotal_retransmits[0m[2m=[0m20 [3mretransmit_rate[0m[2m=[0m0.5263157894736842
[2m2026-03-23T14:41:54.220174Z[0m [33m WARN[0m [2mvpnnode::roles::exit[0m[2m:[0m HIGH RETRANSMIT RATE [3mstream_id[0m[2m=[0m3 [3mframes_sent_total[0m[2m=[0m38 [3mtotal_retransmits[0m[2m=[0m25 [3mretransmit_rate[0m[2m=[0m0.6578947368421053
[2m2026-03-23T14:41:58.060354Z[0m [33m WARN[0m [2mvpnnode::roles::exit[0m[2m:[0m HIGH RETRANSMIT RATE [3mstream_id[0m[2m=[0m4 [3mframes_sent_total[0m[2m=[0m38 [3mtotal_retransmits[0m[2m=[0m28 [3mretransmit_rate[0m[2m=[0m0.7368421052631579
[2m2026-03-23T14:42:02.633677Z[0m [33m WARN[0m [2mvpnnode::roles::exit[0m[2m:[0m HIGH RETRANSMIT RATE [3mstream_id[0m[2m=[0m5 [3mframes_sent_total[0m[2m=[0m38 [3mtotal_retransmits[0m[2m=[0m16 [3mretransmit_rate[0m[2m=[0m0.42105263157894735
[2m2026-03-23T14:42:07.489646Z[0m [33m WARN[0m [2mvpnnode::roles::exit[0m[2m:[0m HIGH RETRANSMIT RATE [3mstream_id[0m[2m=[0m6 [3mframes_sent_total[0m[2m=[0m38 [3mtotal_retransmits[0m[2m=[0m24 [3mretransmit_rate[0m[2m=[0m0.631578947368421
ok
test combined_chaos_terminal_payload_tail_is_absorbed_before_completed_tombstone ... [2m2026-03-23T14:42:10.380720Z[0m [33m WARN[0m [2mvpnnode::roles::exit[0m[2m:[0m SUSPICIOUSLY SMALL RESPONSE: possible accounting or streaming issue [3mstream_id[0m[2m=[0m1000000000 [3msite[0m[2m=[0mprobe [3mresp_bytes_total[0m[2m=[0m108 [3mframes_sent_total[0m[2m=[0m1
[2m2026-03-23T14:42:10.797346Z[0m [33m WARN[0m [2mvpnnode::roles::exit[0m[2m:[0m SUSPICIOUSLY SMALL RESPONSE: possible accounting or streaming issue [3mstream_id[0m[2m=[0m1 [3msite[0m[2m=[0mexample [3mresp_bytes_total[0m[2m=[0m110 [3mframes_sent_total[0m[2m=[0m1
[2m2026-03-23T14:42:18.277850Z[0m [33m WARN[0m [2mvpnnode::roles::exit[0m[2m:[0m HIGH RETRANSMIT RATE [3mstream_id[0m[2m=[0m3 [3mframes_sent_total[0m[2m=[0m38 [3mtotal_retransmits[0m[2m=[0m16 [3mretransmit_rate[0m[2m=[0m0.42105263157894735
[2m2026-03-23T14:42:27.013203Z[0m [33m WARN[0m [2mvpnnode::roles::exit[0m[2m:[0m HIGH RETRANSMIT RATE [3mstream_id[0m[2m=[0m4 [3mframes_sent_total[0m[2m=[0m38 [3mtotal_retransmits[0m[2m=[0m47 [3mretransmit_rate[0m[2m=[0m1.236842105263158
[2m2026-03-23T14:42:33.361976Z[0m [33m WARN[0m [2mvpnnode::roles::exit[0m[2m:[0m HIGH RETRANSMIT RATE [3mstream_id[0m[2m=[0m5 [3mframes_sent_total[0m[2m=[0m38 [3mtotal_retransmits[0m[2m=[0m33 [3mretransmit_rate[0m[2m=[0m0.868421052631579
[2m2026-03-23T14:42:38.724777Z[0m [33m WARN[0m [2mvpnnode::roles::exit[0m[2m:[0m HIGH RETRANSMIT RATE [3mstream_id[0m[2m=[0m6 [3mframes_sent_total[0m[2m=[0m38 [3mtotal_retransmits[0m[2m=[0m30 [3mretransmit_rate[0m[2m=[0m0.7894736842105263
[2m2026-03-23T14:42:41.493396Z[0m [33m WARN[0m [2mvpnnode::roles::exit[0m[2m:[0m SUSPICIOUSLY SMALL RESPONSE: possible accounting or streaming issue [3mstream_id[0m[2m=[0m1000000000 [3msite[0m[2m=[0mprobe [3mresp_bytes_total[0m[2m=[0m108 [3mframes_sent_total[0m[2m=[0m1
[2m2026-03-23T14:42:41.663166Z[0m [33m WARN[0m [2mvpnnode::roles::exit[0m[2m:[0m SUSPICIOUSLY SMALL RESPONSE: possible accounting or streaming issue [3mstream_id[0m[2m=[0m1000000001 [3msite[0m[2m=[0mprobe [3mresp_bytes_total[0m[2m=[0m108 [3mframes_sent_total[0m[2m=[0m1
[2m2026-03-23T14:42:41.854271Z[0m [33m WARN[0m [2mvpnnode::roles::exit[0m[2m:[0m SUSPICIOUSLY SMALL RESPONSE: possible accounting or streaming issue [3mstream_id[0m[2m=[0m1000000002 [3msite[0m[2m=[0mprobe [3mresp_bytes_total[0m[2m=[0m108 [3mframes_sent_total[0m[2m=[0m1
[2m2026-03-23T14:42:42.034926Z[0m [33m WARN[0m [2mvpnnode::roles::exit[0m[2m:[0m SUSPICIOUSLY SMALL RESPONSE: possible accounting or streaming issue [3mstream_id[0m[2m=[0m1 [3msite[0m[2m=[0mexample [3mresp_bytes_total[0m[2m=[0m110 [3mframes_sent_total[0m[2m=[0m1
[2m2026-03-23T14:42:43.098432Z[0m [33m WARN[0m [2mvpnnode::roles::exit[0m[2m:[0m HIGH RETRANSMIT RATE [3mstream_id[0m[2m=[0m2 [3mframes_sent_total[0m[2m=[0m38 [3mtotal_retransmits[0m[2m=[0m15 [3mretransmit_rate[0m[2m=[0m0.39473684210526316
[2m2026-03-23T14:42:44.266656Z[0m [33m WARN[0m [2mvpnnode::roles::exit[0m[2m:[0m HIGH RETRANSMIT RATE [3mstream_id[0m[2m=[0m3 [3mframes_sent_total[0m[2m=[0m38 [3mtotal_retransmits[0m[2m=[0m9 [3mretransmit_rate[0m[2m=[0m0.23684210526315788
[2m2026-03-23T14:42:46.086338Z[0m [33m WARN[0m [2mvpnnode::roles::exit[0m[2m:[0m HIGH RETRANSMIT RATE [3mstream_id[0m[2m=[0m4 [3mframes_sent_total[0m[2m=[0m38 [3mtotal_retransmits[0m[2m=[0m17 [3mretransmit_rate[0m[2m=[0m0.4473684210526316
[2m2026-03-23T14:42:47.748482Z[0m [33m WARN[0m [2mvpnnode::roles::exit[0m[2m:[0m HIGH RETRANSMIT RATE [3mstream_id[0m[2m=[0m5 [3mframes_sent_total[0m[2m=[0m38 [3mtotal_retransmits[0m[2m=[0m10 [3mretransmit_rate[0m[2m=[0m0.2631578947368421
[2m2026-03-23T14:42:49.931499Z[0m [33m WARN[0m [2mvpnnode::roles::exit[0m[2m:[0m HIGH RETRANSMIT RATE [3mstream_id[0m[2m=[0m6 [3mframes_sent_total[0m[2m=[0m38 [3mtotal_retransmits[0m[2m=[0m16 [3mretransmit_rate[0m[2m=[0m0.42105263157894735
ok
test mild_delay_content_length_completion_settles_terminal_signals_cleanly ... [2m2026-03-23T14:42:51.960084Z[0m [33m WARN[0m [2mvpnnode::roles::exit[0m[2m:[0m SUSPICIOUSLY SMALL RESPONSE: possible accounting or streaming issue [3mstream_id[0m[2m=[0m1000000000 [3msite[0m[2m=[0mprobe [3mresp_bytes_total[0m[2m=[0m108 [3mframes_sent_total[0m[2m=[0m1
[2m2026-03-23T14:42:52.363693Z[0m [33m WARN[0m [2mvpnnode::roles::exit[0m[2m:[0m SUSPICIOUSLY SMALL RESPONSE: possible accounting or streaming issue [3mstream_id[0m[2m=[0m1 [3msite[0m[2m=[0mexample [3mresp_bytes_total[0m[2m=[0m110 [3mframes_sent_total[0m[2m=[0m1
[2m2026-03-23T14:42:53.481964Z[0m [33m WARN[0m [2mvpnnode::roles::exit[0m[2m:[0m HIGH RETRANSMIT RATE [3mstream_id[0m[2m=[0m2 [3mframes_sent_total[0m[2m=[0m38 [3mtotal_retransmits[0m[2m=[0m16 [3mretransmit_rate[0m[2m=[0m0.42105263157894735
[2m2026-03-23T14:43:00.477231Z[0m [33m WARN[0m [2mvpnnode::roles::exit[0m[2m:[0m HIGH RETRANSMIT RATE [3mstream_id[0m[2m=[0m3 [3mframes_sent_total[0m[2m=[0m38 [3mtotal_retransmits[0m[2m=[0m19 [3mretransmit_rate[0m[2m=[0m0.5
[2m2026-03-23T14:43:05.068013Z[0m [33m WARN[0m [2mvpnnode::roles::exit[0m[2m:[0m HIGH RETRANSMIT RATE [3mstream_id[0m[2m=[0m4 [3mframes_sent_total[0m[2m=[0m38 [3mtotal_retransmits[0m[2m=[0m39 [3mretransmit_rate[0m[2m=[0m1.0263157894736843
[2m2026-03-23T14:43:11.754449Z[0m [33m WARN[0m [2mvpnnode::roles::exit[0m[2m:[0m HIGH RETRANSMIT RATE [3mstream_id[0m[2m=[0m5 [3mframes_sent_total[0m[2m=[0m38 [3mtotal_retransmits[0m[2m=[0m46 [3mretransmit_rate[0m[2m=[0m1.2105263157894737
[2m2026-03-23T14:43:17.085539Z[0m [33m WARN[0m [2mvpnnode::roles::exit[0m[2m:[0m HIGH RETRANSMIT RATE [3mstream_id[0m[2m=[0m6 [3mframes_sent_total[0m[2m=[0m38 [3mtotal_retransmits[0m[2m=[0m39 [3mretransmit_rate[0m[2m=[0m1.0263157894736843
ok
test reorder_chaos_does_not_reject_packets_inside_replay_window ... [2m2026-03-23T14:43:20.106981Z[0m [33m WARN[0m [2mvpnnode::roles::exit[0m[2m:[0m SUSPICIOUSLY SMALL RESPONSE: possible accounting or streaming issue [3mstream_id[0m[2m=[0m1000000000 [3msite[0m[2m=[0mprobe [3mresp_bytes_total[0m[2m=[0m108 [3mframes_sent_total[0m[2m=[0m1
[2m2026-03-23T14:43:20.576745Z[0m [33m WARN[0m [2mvpnnode::roles::exit[0m[2m:[0m SUSPICIOUSLY SMALL RESPONSE: possible accounting or streaming issue [3mstream_id[0m[2m=[0m1 [3msite[0m[2m=[0mexample [3mresp_bytes_total[0m[2m=[0m110 [3mframes_sent_total[0m[2m=[0m1
[2m2026-03-23T14:43:23.322668Z[0m [33m WARN[0m [2mvpnnode::roles::exit[0m[2m:[0m SUSPICIOUSLY SMALL RESPONSE: possible accounting or streaming issue [3mstream_id[0m[2m=[0m1000000000 [3msite[0m[2m=[0mprobe [3mresp_bytes_total[0m[2m=[0m108 [3mframes_sent_total[0m[2m=[0m1
[2m2026-03-23T14:43:23.494170Z[0m [33m WARN[0m [2mvpnnode::roles::exit[0m[2m:[0m SUSPICIOUSLY SMALL RESPONSE: possible accounting or streaming issue [3mstream_id[0m[2m=[0m1000000001 [3msite[0m[2m=[0mprobe [3mresp_bytes_total[0m[2m=[0m108 [3mframes_sent_total[0m[2m=[0m1
[2m2026-03-23T14:43:23.664120Z[0m [33m WARN[0m [2mvpnnode::roles::exit[0m[2m:[0m SUSPICIOUSLY SMALL RESPONSE: possible accounting or streaming issue [3mstream_id[0m[2m=[0m1000000002 [3msite[0m[2m=[0mprobe [3mresp_bytes_total[0m[2m=[0m108 [3mframes_sent_total[0m[2m=[0m1
[2m2026-03-23T14:43:23.838790Z[0m [33m WARN[0m [2mvpnnode::roles::exit[0m[2m:[0m SUSPICIOUSLY SMALL RESPONSE: possible accounting or streaming issue [3mstream_id[0m[2m=[0m1 [3msite[0m[2m=[0mexample [3mresp_bytes_total[0m[2m=[0m110 [3mframes_sent_total[0m[2m=[0m1
ok
test response_inflight_discipline_avoids_transient_overtrigger_on_moderate_route ... [2m2026-03-23T14:43:26.425175Z[0m [33m WARN[0m [2mvpnnode::roles::exit[0m[2m:[0m SUSPICIOUSLY SMALL RESPONSE: possible accounting or streaming issue [3mstream_id[0m[2m=[0m1000000000 [3msite[0m[2m=[0mprobe [3mresp_bytes_total[0m[2m=[0m108 [3mframes_sent_total[0m[2m=[0m1
[2m2026-03-23T14:43:26.856088Z[0m [33m WARN[0m [2mvpnnode::roles::exit[0m[2m:[0m SUSPICIOUSLY SMALL RESPONSE: possible accounting or streaming issue [3mstream_id[0m[2m=[0m1 [3msite[0m[2m=[0mexample [3mresp_bytes_total[0m[2m=[0m110 [3mframes_sent_total[0m[2m=[0m1
[2m2026-03-23T14:43:46.932903Z[0m [33m WARN[0m [2mvpnnode::roles::exit[0m[2m:[0m HIGH RETRANSMIT RATE [3mstream_id[0m[2m=[0m2 [3mframes_sent_total[0m[2m=[0m290 [3mtotal_retransmits[0m[2m=[0m192 [3mretransmit_rate[0m[2m=[0m0.6620689655172414
[2m2026-03-23T14:43:46.933023Z[0m [33m WARN[0m [2mvpnnode::roles::exit[0m[2m:[0m LOW THROUGHPUT [3mstream_id[0m[2m=[0m2 [3mthroughput_bps[0m[2m=[0m27043 [3mmin_thr_bps[0m[2m=[0m50000
[2m2026-03-23T14:44:06.824477Z[0m [33m WARN[0m [2mvpnnode::roles::exit[0m[2m:[0m HIGH RETRANSMIT RATE [3mstream_id[0m[2m=[0m3 [3mframes_sent_total[0m[2m=[0m290 [3mtotal_retransmits[0m[2m=[0m193 [3mretransmit_rate[0m[2m=[0m0.6655172413793103
[2m2026-03-23T14:44:06.824589Z[0m [33m WARN[0m [2mvpnnode::roles::exit[0m[2m:[0m LOW THROUGHPUT [3mstream_id[0m[2m=[0m3 [3mthroughput_bps[0m[2m=[0m27197 [3mmin_thr_bps[0m[2m=[0m50000
[2m2026-03-23T14:44:26.076749Z[0m [33m WARN[0m [2mvpnnode::roles::exit[0m[2m:[0m HIGH RETRANSMIT RATE [3mstream_id[0m[2m=[0m4 [3mframes_sent_total[0m[2m=[0m290 [3mtotal_retransmits[0m[2m=[0m177 [3mretransmit_rate[0m[2m=[0m0.6103448275862069
[2m2026-03-23T14:44:26.076855Z[0m [33m WARN[0m [2mvpnnode::roles::exit[0m[2m:[0m LOW THROUGHPUT [3mstream_id[0m[2m=[0m4 [3mthroughput_bps[0m[2m=[0m28895 [3mmin_thr_bps[0m[2m=[0m50000
ok
test response_pacing_reduces_window_stall_under_combined ... [2m2026-03-23T14:44:28.123430Z[0m [33m WARN[0m [2mvpnnode::roles::exit[0m[2m:[0m SUSPICIOUSLY SMALL RESPONSE: possible accounting or streaming issue [3mstream_id[0m[2m=[0m1000000000 [3msite[0m[2m=[0mprobe [3mresp_bytes_total[0m[2m=[0m108 [3mframes_sent_total[0m[2m=[0m1
[2m2026-03-23T14:44:28.502535Z[0m [33m WARN[0m [2mvpnnode::roles::exit[0m[2m:[0m SUSPICIOUSLY SMALL RESPONSE: possible accounting or streaming issue [3mstream_id[0m[2m=[0m1 [3msite[0m[2m=[0mexample [3mresp_bytes_total[0m[2m=[0m110 [3mframes_sent_total[0m[2m=[0m1
[2m2026-03-23T14:44:43.174532Z[0m [33m WARN[0m [2mvpnnode::roles::exit[0m[2m:[0m HIGH RETRANSMIT RATE [3mstream_id[0m[2m=[0m5 [3mframes_sent_total[0m[2m=[0m38 [3mtotal_retransmits[0m[2m=[0m16 [3mretransmit_rate[0m[2m=[0m0.42105263157894735
[2m2026-03-23T14:44:49.593727Z[0m [33m WARN[0m [2mvpnnode::roles::exit[0m[2m:[0m HIGH RETRANSMIT RATE [3mstream_id[0m[2m=[0m6 [3mframes_sent_total[0m[2m=[0m38 [3mtotal_retransmits[0m[2m=[0m16 [3mretransmit_rate[0m[2m=[0m0.42105263157894735
[2m2026-03-23T14:44:52.958608Z[0m [33m WARN[0m [2mvpnnode::roles::exit[0m[2m:[0m SUSPICIOUSLY SMALL RESPONSE: possible accounting or streaming issue [3mstream_id[0m[2m=[0m1000000000 [3msite[0m[2m=[0mprobe [3mresp_bytes_total[0m[2m=[0m108 [3mframes_sent_total[0m[2m=[0m1
[2m2026-03-23T14:44:53.277905Z[0m [33m WARN[0m [2mvpnnode::roles::exit[0m[2m:[0m SUSPICIOUSLY SMALL RESPONSE: possible accounting or streaming issue [3mstream_id[0m[2m=[0m1 [3msite[0m[2m=[0mexample [3mresp_bytes_total[0m[2m=[0m110 [3mframes_sent_total[0m[2m=[0m1
[2m2026-03-23T14:44:55.115869Z[0m [33m WARN[0m [2mvpnnode::roles::exit[0m[2m:[0m HIGH RETRANSMIT RATE [3mstream_id[0m[2m=[0m2 [3mframes_sent_total[0m[2m=[0m38 [3mtotal_retransmits[0m[2m=[0m31 [3mretransmit_rate[0m[2m=[0m0.8157894736842105
[2m2026-03-23T14:45:00.868818Z[0m [33m WARN[0m [2mvpnnode::roles::exit[0m[2m:[0m HIGH RETRANSMIT RATE [3mstream_id[0m[2m=[0m3 [3mframes_sent_total[0m[2m=[0m38 [3mtotal_retransmits[0m[2m=[0m34 [3mretransmit_rate[0m[2m=[0m0.8947368421052632
[2m2026-03-23T14:45:08.768472Z[0m [33m WARN[0m [2mvpnnode::roles::exit[0m[2m:[0m HIGH RETRANSMIT RATE [3mstream_id[0m[2m=[0m4 [3mframes_sent_total[0m[2m=[0m38 [3mtotal_retransmits[0m[2m=[0m32 [3mretransmit_rate[0m[2m=[0m0.8421052631578947
[2m2026-03-23T14:45:16.911023Z[0m [33m WARN[0m [2mvpnnode::roles::exit[0m[2m:[0m HIGH RETRANSMIT RATE [3mstream_id[0m[2m=[0m5 [3mframes_sent_total[0m[2m=[0m38 [3mtotal_retransmits[0m[2m=[0m56 [3mretransmit_rate[0m[2m=[0m1.4736842105263157
[2m2026-03-23T14:45:23.195557Z[0m [33m WARN[0m [2mvpnnode::roles::exit[0m[2m:[0m HIGH RETRANSMIT RATE [3mstream_id[0m[2m=[0m6 [3mframes_sent_total[0m[2m=[0m38 [3mtotal_retransmits[0m[2m=[0m36 [3mretransmit_rate[0m[2m=[0m0.9473684210526315
ok

test result: ok. 10 passed; 0 failed; 0 ignored; 0 measured; 0 filtered out; finished in 386.53s

